Archive member included because of file (symbol)

c:/program files (x86)/atmel/atmel toolchain/avr32 gcc/native/3.4.1067/avr32-gnu-toolchain/bin/../lib/gcc/avr32/4.4.7/../../../../avr32/lib/ucr3fp\libm.a(lib_a-sf_round.o)
                              src/imu.o (roundf)
c:/program files (x86)/atmel/atmel toolchain/avr32 gcc/native/3.4.1067/avr32-gnu-toolchain/bin/../lib/gcc/avr32/4.4.7/../../../../avr32/lib/ucr3fp\libm.a(lib_a-w_pow.o)
                              src/imu.o (pow)
c:/program files (x86)/atmel/atmel toolchain/avr32 gcc/native/3.4.1067/avr32-gnu-toolchain/bin/../lib/gcc/avr32/4.4.7/../../../../avr32/lib/ucr3fp\libm.a(lib_a-w_sqrt.o)
                              src/imu.o (sqrt)
c:/program files (x86)/atmel/atmel toolchain/avr32 gcc/native/3.4.1067/avr32-gnu-toolchain/bin/../lib/gcc/avr32/4.4.7/../../../../avr32/lib/ucr3fp\libm.a(lib_a-e_pow.o)
                              c:/program files (x86)/atmel/atmel toolchain/avr32 gcc/native/3.4.1067/avr32-gnu-toolchain/bin/../lib/gcc/avr32/4.4.7/../../../../avr32/lib/ucr3fp\libm.a(lib_a-w_pow.o) (__ieee754_pow)
c:/program files (x86)/atmel/atmel toolchain/avr32 gcc/native/3.4.1067/avr32-gnu-toolchain/bin/../lib/gcc/avr32/4.4.7/../../../../avr32/lib/ucr3fp\libm.a(lib_a-e_sqrt.o)
                              c:/program files (x86)/atmel/atmel toolchain/avr32 gcc/native/3.4.1067/avr32-gnu-toolchain/bin/../lib/gcc/avr32/4.4.7/../../../../avr32/lib/ucr3fp\libm.a(lib_a-w_sqrt.o) (__ieee754_sqrt)
c:/program files (x86)/atmel/atmel toolchain/avr32 gcc/native/3.4.1067/avr32-gnu-toolchain/bin/../lib/gcc/avr32/4.4.7/../../../../avr32/lib/ucr3fp\libm.a(lib_a-s_fabs.o)
                              c:/program files (x86)/atmel/atmel toolchain/avr32 gcc/native/3.4.1067/avr32-gnu-toolchain/bin/../lib/gcc/avr32/4.4.7/../../../../avr32/lib/ucr3fp\libm.a(lib_a-e_pow.o) (fabs)
c:/program files (x86)/atmel/atmel toolchain/avr32 gcc/native/3.4.1067/avr32-gnu-toolchain/bin/../lib/gcc/avr32/4.4.7/../../../../avr32/lib/ucr3fp\libm.a(lib_a-s_finite.o)
                              c:/program files (x86)/atmel/atmel toolchain/avr32 gcc/native/3.4.1067/avr32-gnu-toolchain/bin/../lib/gcc/avr32/4.4.7/../../../../avr32/lib/ucr3fp\libm.a(lib_a-w_pow.o) (finite)
c:/program files (x86)/atmel/atmel toolchain/avr32 gcc/native/3.4.1067/avr32-gnu-toolchain/bin/../lib/gcc/avr32/4.4.7/../../../../avr32/lib/ucr3fp\libm.a(lib_a-s_isnand.o)
                              c:/program files (x86)/atmel/atmel toolchain/avr32 gcc/native/3.4.1067/avr32-gnu-toolchain/bin/../lib/gcc/avr32/4.4.7/../../../../avr32/lib/ucr3fp\libm.a(lib_a-w_pow.o) (__isnand)
c:/program files (x86)/atmel/atmel toolchain/avr32 gcc/native/3.4.1067/avr32-gnu-toolchain/bin/../lib/gcc/avr32/4.4.7/../../../../avr32/lib/ucr3fp\libm.a(lib_a-s_lib_ver.o)
                              c:/program files (x86)/atmel/atmel toolchain/avr32 gcc/native/3.4.1067/avr32-gnu-toolchain/bin/../lib/gcc/avr32/4.4.7/../../../../avr32/lib/ucr3fp\libm.a(lib_a-w_pow.o) (__fdlib_version)
c:/program files (x86)/atmel/atmel toolchain/avr32 gcc/native/3.4.1067/avr32-gnu-toolchain/bin/../lib/gcc/avr32/4.4.7/../../../../avr32/lib/ucr3fp\libm.a(lib_a-s_matherr.o)
                              c:/program files (x86)/atmel/atmel toolchain/avr32 gcc/native/3.4.1067/avr32-gnu-toolchain/bin/../lib/gcc/avr32/4.4.7/../../../../avr32/lib/ucr3fp\libm.a(lib_a-w_pow.o) (matherr)
c:/program files (x86)/atmel/atmel toolchain/avr32 gcc/native/3.4.1067/avr32-gnu-toolchain/bin/../lib/gcc/avr32/4.4.7/../../../../avr32/lib/ucr3fp\libm.a(lib_a-s_nan.o)
                              c:/program files (x86)/atmel/atmel toolchain/avr32 gcc/native/3.4.1067/avr32-gnu-toolchain/bin/../lib/gcc/avr32/4.4.7/../../../../avr32/lib/ucr3fp\libm.a(lib_a-e_pow.o) (nan)
c:/program files (x86)/atmel/atmel toolchain/avr32 gcc/native/3.4.1067/avr32-gnu-toolchain/bin/../lib/gcc/avr32/4.4.7/../../../../avr32/lib/ucr3fp\libm.a(lib_a-s_rint.o)
                              c:/program files (x86)/atmel/atmel toolchain/avr32 gcc/native/3.4.1067/avr32-gnu-toolchain/bin/../lib/gcc/avr32/4.4.7/../../../../avr32/lib/ucr3fp\libm.a(lib_a-w_pow.o) (rint)
c:/program files (x86)/atmel/atmel toolchain/avr32 gcc/native/3.4.1067/avr32-gnu-toolchain/bin/../lib/gcc/avr32/4.4.7/../../../../avr32/lib/ucr3fp\libm.a(lib_a-s_scalbn.o)
                              c:/program files (x86)/atmel/atmel toolchain/avr32 gcc/native/3.4.1067/avr32-gnu-toolchain/bin/../lib/gcc/avr32/4.4.7/../../../../avr32/lib/ucr3fp\libm.a(lib_a-e_pow.o) (scalbn)
c:/program files (x86)/atmel/atmel toolchain/avr32 gcc/native/3.4.1067/avr32-gnu-toolchain/bin/../lib/gcc/avr32/4.4.7/../../../../avr32/lib/ucr3fp\libm.a(lib_a-s_copysign.o)
                              c:/program files (x86)/atmel/atmel toolchain/avr32 gcc/native/3.4.1067/avr32-gnu-toolchain/bin/../lib/gcc/avr32/4.4.7/../../../../avr32/lib/ucr3fp\libm.a(lib_a-s_scalbn.o) (copysign)
[...]
Memory Configuration

Name             Origin             Length             Attributes
FLASH            0x80000000         0x00080000         axrl !w
INTRAM           0x00000004         0x0000fffc         axw !rl
HRAM0            0xa0000000         0x00001000         axw !rl
USERPAGE_RESERVED 0x80800000         0x00000004         r
USERPAGE         0x80800004         0x000001fc
*default*        0x00000000         0xffffffff

Linker script and memory map

                0x00001000                _stack_size = 0x1000
LOAD c:/program files (x86)/atmel/atmel toolchain/avr32 gcc/native/3.4.1067/avr32-gnu-toolchain/bin/../lib/gcc/avr32/4.4.7/../../../../avr32/lib/ucr3fp/crt0.o
LOAD c:/program files (x86)/atmel/atmel toolchain/avr32 gcc/native/3.4.1067/avr32-gnu-toolchain/bin/../lib/gcc/avr32/4.4.7/ucr3fp/crti.o
LOAD c:/program files (x86)/atmel/atmel toolchain/avr32 gcc/native/3.4.1067/avr32-gnu-toolchain/bin/../lib/gcc/avr32/4.4.7/ucr3fp/crtbegin.o
LOAD src/ASF/avr32/drivers/canif/canif.o
LOAD src/ASF/avr32/drivers/spi/spi.o
LOAD src/ASF/avr32/services/network/can/can.o
LOAD src/ASF/avr32/utils/debug/print_funcs.o
LOAD src/ble_aci.o
LOAD src/ble_aci_setup.o
LOAD src/ble_spi.o
LOAD src/ble_task.o
LOAD src/can_buffer.o
LOAD src/can_com.o
LOAD src/can_task.o
LOAD src/hmi.o
LOAD src/imu.o
LOAD src/imu_spi.o
LOAD src/main.o
LOAD src/timer.o
LOAD src/ASF/common/services/clock/uc3c/osc.o
LOAD src/ASF/common/services/clock/uc3c/pll.o
LOAD src/ASF/common/services/clock/uc3c/sysclk.o
LOAD src/ASF/common/services/storage/ctrl_access/ctrl_access.o
LOAD src/ASF/avr32/boards/uc3c_ek/led.o
LOAD src/ASF/avr32/drivers/flashc/flashc.o
LOAD src/ASF/avr32/drivers/gpio/gpio.o
LOAD src/ASF/avr32/drivers/intc/intc.o
LOAD src/ASF/avr32/drivers/pm/pm_uc3c.o
LOAD src/ASF/avr32/drivers/pm/power_clocks_lib.o
LOAD src/ASF/avr32/drivers/scif/scif_uc3c.o
LOAD src/ASF/avr32/drivers/tc/tc.o
LOAD src/ASF/avr32/drivers/usart/usart.o
LOAD src/ASF/avr32/utils/startup/trampoline_uc3.o
LOAD src/ASF/thirdparty/freertos/freertos-7.0.0/source/croutine.o
LOAD src/ASF/thirdparty/freertos/freertos-7.0.0/source/list.o
LOAD src/ASF/thirdparty/freertos/freertos-7.0.0/source/portable/gcc/avr32_uc3/exception.o
LOAD src/ASF/thirdparty/freertos/freertos-7.0.0/source/portable/gcc/avr32_uc3/port.o
LOAD src/ASF/thirdparty/freertos/freertos-7.0.0/source/portable/gcc/avr32_uc3/read.o
LOAD src/ASF/thirdparty/freertos/freertos-7.0.0/source/portable/gcc/avr32_uc3/write.o
LOAD src/ASF/thirdparty/freertos/freertos-7.0.0/source/portable/memmang/heap_3.o
LOAD src/ASF/thirdparty/freertos/freertos-7.0.0/source/queue.o
LOAD src/ASF/thirdparty/freertos/freertos-7.0.0/source/tasks.o
LOAD src/ASF/thirdparty/freertos/freertos-7.0.0/source/timers.o
START GROUP
LOAD c:/program files (x86)/atmel/atmel toolchain/avr32 gcc/native/3.4.1067/avr32-gnu-toolchain/bin/../lib/gcc/avr32/4.4.7/../../../../avr32/lib/ucr3fp\libm.a
END GROUP
LOAD c:/program files (x86)/atmel/atmel toolchain/avr32 gcc/native/3.4.1067/avr32-gnu-toolchain/bin/../lib/gcc/avr32/4.4.7/ucr3fp\libgcc.a
LOAD c:/program files (x86)/atmel/atmel toolchain/avr32 gcc/native/3.4.1067/avr32-gnu-toolchain/bin/../lib/gcc/avr32/4.4.7/../../../../avr32/lib/ucr3fp\libc.a
LOAD c:/program files (x86)/atmel/atmel toolchain/avr32 gcc/native/3.4.1067/avr32-gnu-toolchain/bin/../lib/gcc/avr32/4.4.7/ucr3fp\libgcc.a
LOAD c:/program files (x86)/atmel/atmel toolchain/avr32 gcc/native/3.4.1067/avr32-gnu-toolchain/bin/../lib/gcc/avr32/4.4.7/ucr3fp/crtend.o
LOAD c:/program files (x86)/atmel/atmel toolchain/avr32 gcc/native/3.4.1067/avr32-gnu-toolchain/bin/../lib/gcc/avr32/4.4.7/ucr3fp/crtn.o
                0xffffffff                __max_heap_size__ = 0xffffffff
                [0xffffffff]                __heap_size__ = DEFINED (__heap_size__)?__heap_size__:__max_heap_size__
                [0x00001000]                __stack_size__ = DEFINED (__stack_size__)?__stack_size__:0x1000
                0x80000000                PROVIDE (__executable_start, 0x80000000)
                0x80000000                . = 0x80000000

.interp
 *(.interp)

.reset          0x80000000     0x200c
 *(.reset)
 .reset         0x80000000        0x8 c:/program files (x86)/atmel/atmel toolchain/avr32 gcc/native/3.4.1067/avr32-gnu-toolchain/bin/../lib/gcc/avr32/4.4.7/../../../../avr32/lib/ucr3fp/crt0.o
                0x80000000                _start
 .reset         0x80000008     0x2004 src/ASF/avr32/utils/startup/trampoline_uc3.o
                               0x2008 (size before relaxing)
                0x80000008                _trampoline

.hash
 *(.hash)

.dynsym
 *(.dynsym)

.dynstr
 *(.dynstr)

.gnu.version
 *(.gnu.version)

.gnu.version_d
 *(.gnu.version_d)

.gnu.version_r
 *(.gnu.version_r)

.rel.init
 *(.rel.init)

.rela.init
 *(.rela.init)

.rel.text
 *(.rel.text .rel.text.* .rel.gnu.linkonce.t.*)

.rela.text
 *(.rela.text .rela.text.* .rela.gnu.linkonce.t.*)

.rel.fini
 *(.rel.fini)

.rela.fini
 *(.rela.fini)

.rel.rodata
 *(.rel.rodata .rel.rodata.* .rel.gnu.linkonce.r.*)

.rela.rodata
 *(.rela.rodata .rela.rodata.* .rela.gnu.linkonce.r.*)

.rel.data.rel.ro
 *(.rel.data.rel.ro*)

.rela.data.rel.ro
 *(.rel.data.rel.ro*)

.rel.data
 *(.rel.data .rel.data.* .rel.gnu.linkonce.d.*)

.rela.data
 *(.rela.data .rela.data.* .rela.gnu.linkonce.d.*)

.rel.tdata
 *(.rel.tdata .rel.tdata.* .rel.gnu.linkonce.td.*)

.rela.tdata
 *(.rela.tdata .rela.tdata.* .rela.gnu.linkonce.td.*)

.rel.tbss
 *(.rel.tbss .rel.tbss.* .rel.gnu.linkonce.tb.*)

.rela.tbss
 *(.rela.tbss .rela.tbss.* .rela.gnu.linkonce.tb.*)

.rel.ctors
 *(.rel.ctors)

.rela.ctors
 *(.rela.ctors)

.rel.dtors
 *(.rel.dtors)

.rela.dtors
 *(.rela.dtors)

.rel.got
 *(.rel.got)

.rela.got       0x8000200c        0x0
 *(.rela.got)
 .rela.got      0x8000200c        0x0 c:/program files (x86)/atmel/atmel toolchain/avr32 gcc/native/3.4.1067/avr32-gnu-toolchain/bin/../lib/gcc/avr32/4.4.7/../../../../avr32/lib/ucr3fp/crt0.o

.rel.bss
 *(.rel.bss .rel.bss.* .rel.gnu.linkonce.b.*)

.rela.bss
 *(.rela.bss .rela.bss.* .rela.gnu.linkonce.b.*)

.rel.plt
 *(.rel.plt)

.rela.plt
 *(.rela.plt)

.init           0x8000200c       0x1a
 *(.init)
 .init          0x8000200c       0x10 c:/program files (x86)/atmel/atmel toolchain/avr32 gcc/native/3.4.1067/avr32-gnu-toolchain/bin/../lib/gcc/avr32/4.4.7/ucr3fp/crti.o
                0x8000200c                _init
 .init          0x8000201c        0x2 c:/program files (x86)/atmel/atmel toolchain/avr32 gcc/native/3.4.1067/avr32-gnu-toolchain/bin/../lib/gcc/avr32/4.4.7/ucr3fp/crtbegin.o
                                  0x4 (size before relaxing)
 .init          0x8000201e        0x4 c:/program files (x86)/atmel/atmel toolchain/avr32 gcc/native/3.4.1067/avr32-gnu-toolchain/bin/../lib/gcc/avr32/4.4.7/ucr3fp/crtend.o
 .init          0x80002022        0x4 c:/program files (x86)/atmel/atmel toolchain/avr32 gcc/native/3.4.1067/avr32-gnu-toolchain/bin/../lib/gcc/avr32/4.4.7/ucr3fp/crtn.o

.plt
 *(.plt)

.text           0x80002028     0x7e88
 *(.text .stub .text.* .gnu.linkonce.t.*)
 .text          0x80002028       0x64 c:/program files (x86)/atmel/atmel toolchain/avr32 gcc/native/3.4.1067/avr32-gnu-toolchain/bin/../lib/gcc/avr32/4.4.7/../../../../avr32/lib/ucr3fp/crt0.o
                                 0x84 (size before relaxing)
                0x80002028                _stext
 .text          0x8000208c       0x54 c:/program files (x86)/atmel/atmel toolchain/avr32 gcc/native/3.4.1067/avr32-gnu-toolchain/bin/../lib/gcc/avr32/4.4.7/ucr3fp/crtbegin.o
                                 0x64 (size before relaxing)
 .text.canif_clear_all_mob
                0x800020e0       0x48 src/ASF/avr32/drivers/canif/canif.o
                0x800020e0                canif_clear_all_mob
 .text.canif_fixed_baudrate
                0x80002128       0x50 src/ASF/avr32/drivers/canif/canif.o
                0x80002128                canif_fixed_baudrate
 .text.getBaudDiv
                0x80002178       0x20 src/ASF/avr32/drivers/spi/spi.o
                0x80002178                getBaudDiv
 .text.spi_initMaster
                0x80002198       0x38 src/ASF/avr32/drivers/spi/spi.o
                0x80002198                spi_initMaster
 .text.spi_selectionMode
                0x800021d0       0x3e src/ASF/avr32/drivers/spi/spi.o
                0x800021d0                spi_selectionMode
 .text.spi_selectChip
                0x8000220e       0x4c src/ASF/avr32/drivers/spi/spi.o
                0x8000220e                spi_selectChip
 .text.spi_unselectChip
                0x8000225a       0x26 src/ASF/avr32/drivers/spi/spi.o
                0x8000225a                spi_unselectChip
 .text.spi_setupChipReg
                0x80002280       0xb8 src/ASF/avr32/drivers/spi/spi.o
                0x80002280                spi_setupChipReg
 .text.spi_enable
                0x80002338        0x6 src/ASF/avr32/drivers/spi/spi.o
                0x80002338                spi_enable
 .text.spi_write
                0x8000233e       0x1c src/ASF/avr32/drivers/spi/spi.o
                0x8000233e                spi_write
 .text.spi_read
                0x8000235a       0x20 src/ASF/avr32/drivers/spi/spi.o
                0x8000235a                spi_read
 *fill*         0x8000237a        0x2 d703d703
 .text.can0_int_tx_handler
                0x8000237c       0x40 src/ASF/avr32/services/network/can/can.o
 .text.can0_int_rx_handler
                0x800023bc       0x40 src/ASF/avr32/services/network/can/can.o
 .text.can0_int_busoff_handler
                0x800023fc       0x20 src/ASF/avr32/services/network/can/can.o
 .text.can0_int_cerr_handler
                0x8000241c       0x20 src/ASF/avr32/services/network/can/can.o
 .text.can0_int_wakeup_handler
                0x8000243c       0x20 src/ASF/avr32/services/network/can/can.o
 .text.can1_int_tx_handler
                0x8000245c       0x44 src/ASF/avr32/services/network/can/can.o
 .text.can1_int_rx_handler
                0x800024a0       0x44 src/ASF/avr32/services/network/can/can.o
 .text.can1_int_busoff_handler
                0x800024e4       0x24 src/ASF/avr32/services/network/can/can.o
 .text.can1_int_cerr_handler
                0x80002508       0x24 src/ASF/avr32/services/network/can/can.o
 .text.can1_int_wakeup_handler
                0x8000252c       0x24 src/ASF/avr32/services/network/can/can.o
 .text.can_mob_alloc
                0x80002550       0xd0 src/ASF/avr32/services/network/can/can.o
                0x80002550                can_mob_alloc
 .text.can_mob_free
                0x80002620       0x60 src/ASF/avr32/services/network/can/can.o
                0x80002620                can_mob_free
 .text.can_tx   0x80002680      0x126 src/ASF/avr32/services/network/can/can.o
                0x80002680                can_tx
 .text.can_rx   0x800027a6      0x10a src/ASF/avr32/services/network/can/can.o
                0x800027a6                can_rx
 .text.can_get_mob_data
                0x800028b0       0x18 src/ASF/avr32/services/network/can/can.o
                0x800028b0                can_get_mob_data
 .text.can_get_mob_dlc
                0x800028c8       0x18 src/ASF/avr32/services/network/can/can.o
                0x800028c8                can_get_mob_dlc
 .text.can_get_mob_id
                0x800028e0       0x18 src/ASF/avr32/services/network/can/can.o
                0x800028e0                can_get_mob_id
 .text.can_enable_interrupt
                0x800028f8       0xe0 src/ASF/avr32/services/network/can/can.o
                0x800028f8                can_enable_interrupt
 .text.can_init
                0x800029d8      0x144 src/ASF/avr32/services/network/can/can.o
                0x800029d8                can_init
 .text.print_char
                0x80002b1c        0xc src/ASF/avr32/utils/debug/print_funcs.o
                0x80002b1c                print_char
 .text.print_dbg_char
                0x80002b28       0x14 src/ASF/avr32/utils/debug/print_funcs.o
                0x80002b28                print_dbg_char
 .text.print    0x80002b3c        0xc src/ASF/avr32/utils/debug/print_funcs.o
                0x80002b3c                print
 .text.print_short_hex
                0x80002b48       0x4c src/ASF/avr32/utils/debug/print_funcs.o
                0x80002b48                print_short_hex
 .text.print_dbg_short_hex
                0x80002b94       0x14 src/ASF/avr32/utils/debug/print_funcs.o
                0x80002b94                print_dbg_short_hex
 .text.print_char_hex
                0x80002ba8       0x30 src/ASF/avr32/utils/debug/print_funcs.o
                0x80002ba8                print_char_hex
 .text.print_dbg_char_hex
                0x80002bd8       0x14 src/ASF/avr32/utils/debug/print_funcs.o
                0x80002bd8                print_dbg_char_hex
 .text.print_dbg
                0x80002bec       0x14 src/ASF/avr32/utils/debug/print_funcs.o
                0x80002bec                print_dbg
 .text.init_dbg_rs232_ex
                0x80002c00       0x40 src/ASF/avr32/utils/debug/print_funcs.o
                0x80002c00                init_dbg_rs232_ex
 .text.init_dbg_rs232
                0x80002c40       0x14 src/ASF/avr32/utils/debug/print_funcs.o
                0x80002c40                init_dbg_rs232
 .text.ble_aci_write_packet
                0x80002c54       0x6c src/ble_aci.o
                0x80002c54                ble_aci_write_packet
 .text.ble_aci_read_packet
                0x80002cc0       0x84 src/ble_aci.o
                0x80002cc0                ble_aci_read_packet
 .text.ble_aci_set_local_data
                0x80002d44       0x3c src/ble_aci.o
                0x80002d44                ble_aci_set_local_data
 .text.ble_aci_connect
                0x80002d80       0x3c src/ble_aci.o
                0x80002d80                ble_aci_connect
 .text.ble_aci_setup
                0x80002dbc       0x6c src/ble_aci.o
                0x80002dbc                ble_aci_setup
 .text.ble_aci_test_device
                0x80002e28      0x110 src/ble_aci.o
                0x80002e28                ble_aci_test_device
 .text.ble_aci_init
                0x80002f38       0x58 src/ble_aci.o
                0x80002f38                ble_aci_init
 .text.reverse_byte
                0x80002f90       0x3a src/ble_spi.o
                0x80002f90                reverse_byte
 *fill*         0x80002fca        0x2 d703d703
 .text.ble_spi_write
                0x80002fcc       0x28 src/ble_spi.o
                0x80002fcc                ble_spi_write
 .text.ble_spi_read
                0x80002ff4       0x30 src/ble_spi.o
                0x80002ff4                ble_spi_read
 .text.ble_spi_has_data
                0x80003024       0x14 src/ble_spi.o
                0x80003024                ble_spi_has_data
 .text.ble_spi_unselectChip
                0x80003038       0x1c src/ble_spi.o
                0x80003038                ble_spi_unselectChip
 .text.ble_spi_selectChip
                0x80003054       0x1c src/ble_spi.o
                0x80003054                ble_spi_selectChip
 .text.ble_spi_reset
                0x80003070       0x78 src/ble_spi.o
                0x80003070                ble_spi_reset
 .text.ble_spi_init
                0x800030e8       0x9c src/ble_spi.o
                0x800030e8                ble_spi_init
 .text.vStartBLETask
                0x80003184       0x28 src/ble_task.o
                0x80003184                vStartBLETask
 .text.ble_task_receive_data
                0x800031ac       0xb0 src/ble_task.o
                0x800031ac                ble_task_receive_data
 .text.bleTask1
                0x8000325c      0x1b4 src/ble_task.o
 .text.ble_task_transmit_data
                0x80003410       0xd4 src/ble_task.o
                0x80003410                ble_task_transmit_data
 .text.can_buffer_init
                0x800034e4       0x2c src/can_buffer.o
                0x800034e4                can_buffer_init
 .text.can_buffer_add
                0x80003510       0xa4 src/can_buffer.o
                0x80003510                can_buffer_add
 .text.can_buffer_remove
                0x800035b4       0xa8 src/can_buffer.o
                0x800035b4                can_buffer_remove
 .text.can_buffer_has_next
                0x8000365c       0x38 src/can_buffer.o
                0x8000365c                can_buffer_has_next
 .text.can_com_set_tx_callback
                0x80003694       0x18 src/can_com.o
                0x80003694                can_com_set_tx_callback
 .text.can_com_set_rx_callback
                0x800036ac       0x18 src/can_com.o
                0x800036ac                can_com_set_rx_callback
 .text.can_com_rx
                0x800036c4       0x44 src/can_com.o
                0x800036c4                can_com_rx
 .text.can_com_tx
                0x80003708       0x80 src/can_com.o
                0x80003708                can_com_tx
 .text.can_com_clock_init
                0x80003788       0x30 src/can_com.o
                0x80003788                can_com_clock_init
 .text.can_com_init
                0x800037b8       0x5c src/can_com.o
                0x800037b8                can_com_init
 .text.can_com_callback_wrapper_channel1
                0x80003814       0x5c src/can_com.o
                0x80003814                can_com_callback_wrapper_channel1
 .text.can_com_callback_wrapper_channel0
                0x80003870       0x5c src/can_com.o
                0x80003870                can_com_callback_wrapper_channel0
 .text.vStartCANTask
                0x800038cc       0x28 src/can_task.o
                0x800038cc                vStartCANTask
 .text.canTask  0x800038f4       0x90 src/can_task.o
 .text.send_callback_ch0
                0x80003984       0xec src/can_task.o
                0x80003984                send_callback_ch0
 .text.receive_callback_ch0
                0x80003a70       0xe4 src/can_task.o
                0x80003a70                receive_callback_ch0
 .text.hmi_is_on
                0x80003b54        0xc src/hmi.o
                0x80003b54                hmi_is_on
 .text.hmi_get_speed
                0x80003b60        0xc src/hmi.o
                0x80003b60                hmi_get_speed
 .text.hmi_get_engine_power
                0x80003b6c        0xc src/hmi.o
                0x80003b6c                hmi_get_engine_power
 .text.hmi_get_battery
                0x80003b78        0xc src/hmi.o
                0x80003b78                hmi_get_battery
 .text.hmi_get_total_distance
                0x80003b84        0xc src/hmi.o
                0x80003b84                hmi_get_total_distance
 .text.hmi_get_reach
                0x80003b90        0xc src/hmi.o
                0x80003b90                hmi_get_reach
 .text.hmi_get_total_uptime
                0x80003b9c        0xc src/hmi.o
                0x80003b9c                hmi_get_total_uptime
 .text.hmi_set_assistance_level
                0x80003ba8        0xc src/hmi.o
                0x80003ba8                hmi_set_assistance_level
 .text.hmi_set_walk_status
                0x80003bb4        0xc src/hmi.o
                0x80003bb4                hmi_set_walk_status
 .text.hmi_tx_start_sequence
                0x80003bc0       0xb0 src/hmi.o
                0x80003bc0                hmi_tx_start_sequence
 .text.hmi_parse_data
                0x80003c70      0x120 src/hmi.o
                0x80003c70                hmi_parse_data
 .text.hmi_tx_assistance_lvl
                0x80003d90       0xa4 src/hmi.o
                0x80003d90                hmi_tx_assistance_lvl
 .text.hmi_tx_walk_status
                0x80003e34       0x44 src/hmi.o
                0x80003e34                hmi_tx_walk_status
 .text.hmi_tx_cyclic
                0x80003e78      0x140 src/hmi.o
                0x80003e78                hmi_tx_cyclic
 .text.hmi_get_acelerometer
                0x80003fb8      0x174 src/imu.o
                0x80003fb8                hmi_get_acelerometer
 .text.binary_to_decimal_converter
                0x8000412c       0xa0 src/imu.o
                0x8000412c                binary_to_decimal_converter
 .text.acc_raw_2_velocity
                0x800041cc      0x258 src/imu.o
                0x800041cc                acc_raw_2_velocity
 .text.duplex_com
                0x80004424       0x4c src/imu_spi.o
                0x80004424                duplex_com
 .text.spi_init_module
                0x80004470       0x60 src/imu_spi.o
                0x80004470                spi_init_module
 .text.imu_spi_configuration
                0x800044d0       0x48 src/imu_spi.o
                0x800044d0                imu_spi_configuration
 .text.main     0x80004518       0x6c src/main.o
                0x80004518                main
 .text.timer_set_callback
                0x80004584       0x24 src/timer.o
                0x80004584                timer_set_callback
 .text.timer_get_ms
                0x800045a8        0xc src/timer.o
                0x800045a8                timer_get_ms
 .text.timer_start
                0x800045b4       0x20 src/timer.o
                0x800045b4                timer_start
 .text.timer_init
                0x800045d4       0x54 src/timer.o
                0x800045d4                timer_init
 .text.timer_interrupt
                0x80004628       0x44 src/timer.o
 .text.sysclk_init
                0x8000466c        0x2 src/ASF/common/services/clock/uc3c/sysclk.o
                0x8000466c                sysclk_init
 .text.flashc_set_wait_state
                0x8000466e        0xe src/ASF/avr32/drivers/flashc/flashc.o
                0x8000466e                flashc_set_wait_state
 .text.flashc_is_ready
                0x8000467c        0xc src/ASF/avr32/drivers/flashc/flashc.o
                0x8000467c                flashc_is_ready
 .text.flashc_default_wait_until_ready
                0x80004688       0x10 src/ASF/avr32/drivers/flashc/flashc.o
                0x80004688                flashc_default_wait_until_ready
 .text.flashc_issue_command
                0x80004698       0x48 src/ASF/avr32/drivers/flashc/flashc.o
                0x80004698                flashc_issue_command
 .text.flashc_set_flash_waitstate_and_readmode
                0x800046e0       0x5c src/ASF/avr32/drivers/flashc/flashc.o
                0x800046e0                flashc_set_flash_waitstate_and_readmode
 .text.gpio_enable_module_pin
                0x8000473c       0x94 src/ASF/avr32/drivers/gpio/gpio.o
                0x8000473c                gpio_enable_module_pin
 .text.gpio_enable_module
                0x800047d0       0x30 src/ASF/avr32/drivers/gpio/gpio.o
                0x800047d0                gpio_enable_module
 .text.gpio_configure_pin
                0x80004800      0x130 src/ASF/avr32/drivers/gpio/gpio.o
                0x80004800                gpio_configure_pin
 .text.gpio_get_pin_value
                0x80004930       0x16 src/ASF/avr32/drivers/gpio/gpio.o
                0x80004930                gpio_get_pin_value
 .text.gpio_set_gpio_pin
                0x80004946       0x1c src/ASF/avr32/drivers/gpio/gpio.o
                0x80004946                gpio_set_gpio_pin
 .text.gpio_clr_gpio_pin
                0x80004962       0x1c src/ASF/avr32/drivers/gpio/gpio.o
                0x80004962                gpio_clr_gpio_pin
 .text.gpio_tgl_gpio_pin
                0x8000497e       0x1c src/ASF/avr32/drivers/gpio/gpio.o
                0x8000497e                gpio_tgl_gpio_pin
 .text._unhandled_interrupt
                0x8000499a        0x2 src/ASF/avr32/drivers/intc/intc.o
 .text.INTC_register_interrupt
                0x8000499c       0x80 src/ASF/avr32/drivers/intc/intc.o
                0x8000499c                INTC_register_interrupt
 .text.INTC_init_interrupts
                0x80004a1c       0x54 src/ASF/avr32/drivers/intc/intc.o
                0x80004a1c                INTC_init_interrupts
 .text._get_interrupt_handler
                0x80004a70       0x38 src/ASF/avr32/drivers/intc/intc.o
                0x80004a70                _get_interrupt_handler
 .text.pm_set_mclk_source
                0x80004aa8       0x20 src/ASF/avr32/drivers/pm/pm_uc3c.o
                0x80004aa8                pm_set_mclk_source
 .text.pcl_switch_to_osc
                0x80004ac8       0x44 src/ASF/avr32/drivers/pm/power_clocks_lib.o
                0x80004ac8                pcl_switch_to_osc
 .text.scif_pclksr_statushigh_wait
                0x80004b0c       0x1a src/ASF/avr32/drivers/scif/scif_uc3c.o
 .text.scif_stop_gclk
                0x80004b26       0x30 src/ASF/avr32/drivers/scif/scif_uc3c.o
                0x80004b26                scif_stop_gclk
 *fill*         0x80004b56        0x2 d703d703
 .text.scif_gc_setup
                0x80004b58       0x84 src/ASF/avr32/drivers/scif/scif_uc3c.o
                0x80004b58                scif_gc_setup
 .text.scif_gc_enable
                0x80004bdc       0x24 src/ASF/avr32/drivers/scif/scif_uc3c.o
                0x80004bdc                scif_gc_enable
 .text.scif_enable_osc
                0x80004c00       0x74 src/ASF/avr32/drivers/scif/scif_uc3c.o
                0x80004c00                scif_enable_osc
 .text.scif_configure_osc_crystalmode
                0x80004c74       0xd0 src/ASF/avr32/drivers/scif/scif_uc3c.o
                0x80004c74                scif_configure_osc_crystalmode
 .text.tc_init_waveform
                0x80004d44       0x9c src/ASF/avr32/drivers/tc/tc.o
                0x80004d44                tc_init_waveform
 .text.tc_start
                0x80004de0       0x12 src/ASF/avr32/drivers/tc/tc.o
                0x80004de0                tc_start
 .text.tc_read_sr
                0x80004df2       0x12 src/ASF/avr32/drivers/tc/tc.o
                0x80004df2                tc_read_sr
 .text.tc_write_rc
                0x80004e04       0x34 src/ASF/avr32/drivers/tc/tc.o
                0x80004e04                tc_write_rc
 .text.tc_configure_interrupts
                0x80004e38      0x108 src/ASF/avr32/drivers/tc/tc.o
                0x80004e38                tc_configure_interrupts
 .text.usart_set_async_baudrate
                0x80004f40       0x5a src/ASF/avr32/drivers/usart/usart.o
 .text.usart_write_char
                0x80004f9a       0x14 src/ASF/avr32/drivers/usart/usart.o
                0x80004f9a                usart_write_char
 *fill*         0x80004fae        0x2 d703d703
 .text.usart_putchar
                0x80004fb0       0x2c src/ASF/avr32/drivers/usart/usart.o
                0x80004fb0                usart_putchar
 .text.usart_write_line
                0x80004fdc       0x24 src/ASF/avr32/drivers/usart/usart.o
                0x80004fdc                usart_write_line
 .text.usart_reset
                0x80005000       0x2c src/ASF/avr32/drivers/usart/usart.o
                0x80005000                usart_reset
 .text.usart_init_rs232
                0x8000502c       0xcc src/ASF/avr32/drivers/usart/usart.o
                0x8000502c                usart_init_rs232
 .text.vListInitialise
                0x800050f8       0x14 src/ASF/thirdparty/freertos/freertos-7.0.0/source/list.o
                0x800050f8                vListInitialise
 .text.vListInitialiseItem
                0x8000510c        0x6 src/ASF/thirdparty/freertos/freertos-7.0.0/source/list.o
                0x8000510c                vListInitialiseItem
 .text.vListInsertEnd
                0x80005112       0x1c src/ASF/thirdparty/freertos/freertos-7.0.0/source/list.o
                0x80005112                vListInsertEnd
 .text.vListRemove
                0x8000512e       0x26 src/ASF/thirdparty/freertos/freertos-7.0.0/source/list.o
                0x8000512e                vListRemove
 .text.pxPortInitialiseStack
                0x80005154       0x92 src/ASF/thirdparty/freertos/freertos-7.0.0/source/portable/gcc/avr32_uc3/port.o
                0x80005154                pxPortInitialiseStack
 *fill*         0x800051e6        0x2 d703d703
 .text.vPortEnterCritical
                0x800051e8       0x10 src/ASF/thirdparty/freertos/freertos-7.0.0/source/portable/gcc/avr32_uc3/port.o
                0x800051e8                vPortEnterCritical
 .text.xPortStartScheduler
                0x800051f8       0x58 src/ASF/thirdparty/freertos/freertos-7.0.0/source/portable/gcc/avr32_uc3/port.o
                0x800051f8                xPortStartScheduler
 .text.SCALLYield
                0x80005250       0x98 src/ASF/thirdparty/freertos/freertos-7.0.0/source/portable/gcc/avr32_uc3/port.o
                0x80005250                SCALLYield
 .text.prvClearCcInt
                0x800052e8        0xa src/ASF/thirdparty/freertos/freertos-7.0.0/source/portable/gcc/avr32_uc3/port.o
 *fill*         0x800052f2        0x2 d703d703
 .text.vPortExitCritical
                0x800052f4       0x20 src/ASF/thirdparty/freertos/freertos-7.0.0/source/portable/gcc/avr32_uc3/port.o
                0x800052f4                vPortExitCritical
 .text.vTick    0x80005314       0x84 src/ASF/thirdparty/freertos/freertos-7.0.0/source/portable/gcc/avr32_uc3/port.o
 .text.__malloc_lock
                0x80005398        0xc src/ASF/thirdparty/freertos/freertos-7.0.0/source/portable/gcc/avr32_uc3/port.o
                0x80005398                __malloc_lock
 .text.__malloc_unlock
                0x800053a4        0xc src/ASF/thirdparty/freertos/freertos-7.0.0/source/portable/gcc/avr32_uc3/port.o
                0x800053a4                __malloc_unlock
 .text._init_startup
                0x800053b0       0x18 src/ASF/thirdparty/freertos/freertos-7.0.0/source/portable/gcc/avr32_uc3/port.o
                0x800053b0                _init_startup
 .text.vPortFree
                0x800053c8       0x28 src/ASF/thirdparty/freertos/freertos-7.0.0/source/portable/memmang/heap_3.o
                0x800053c8                vPortFree
 .text.pvPortMalloc
                0x800053f0       0x28 src/ASF/thirdparty/freertos/freertos-7.0.0/source/portable/memmang/heap_3.o
                0x800053f0                pvPortMalloc
 .text.vTaskSuspendAll
                0x80005418       0x10 src/ASF/thirdparty/freertos/freertos-7.0.0/source/tasks.o
                0x80005418                vTaskSuspendAll
 .text.vTaskSwitchContext
                0x80005428       0x7c src/ASF/thirdparty/freertos/freertos-7.0.0/source/tasks.o
                0x80005428                vTaskSwitchContext
 .text.vTaskIncrementTick
                0x800054a4      0x114 src/ASF/thirdparty/freertos/freertos-7.0.0/source/tasks.o
                0x800054a4                vTaskIncrementTick
 .text.xTaskResumeAll
                0x800055b8       0xe8 src/ASF/thirdparty/freertos/freertos-7.0.0/source/tasks.o
                0x800055b8                xTaskResumeAll
 .text.prvIdleTask
                0x800056a0       0x80 src/ASF/thirdparty/freertos/freertos-7.0.0/source/tasks.o
 .text.xTaskGenericCreate
                0x80005720      0x1e4 src/ASF/thirdparty/freertos/freertos-7.0.0/source/tasks.o
                0x80005720                xTaskGenericCreate
 .text.vTaskStartScheduler
                0x80005904       0x4c src/ASF/thirdparty/freertos/freertos-7.0.0/source/tasks.o
                0x80005904                vTaskStartScheduler
 .text.roundf   0x80005950       0x5c c:/program files (x86)/atmel/atmel toolchain/avr32 gcc/native/3.4.1067/avr32-gnu-toolchain/bin/../lib/gcc/avr32/4.4.7/../../../../avr32/lib/ucr3fp\libm.a(lib_a-sf_round.o)
                                 0x60 (size before relaxing)
                0x80005950                roundf
 .text.pow      0x800059ac      0x2ac c:/program files (x86)/atmel/atmel toolchain/avr32 gcc/native/3.4.1067/avr32-gnu-toolchain/bin/../lib/gcc/avr32/4.4.7/../../../../avr32/lib/ucr3fp\libm.a(lib_a-w_pow.o)
                                0x300 (size before relaxing)
                0x800059ac                pow
 .text.sqrt     0x80005c58       0x98 c:/program files (x86)/atmel/atmel toolchain/avr32 gcc/native/3.4.1067/avr32-gnu-toolchain/bin/../lib/gcc/avr32/4.4.7/../../../../avr32/lib/ucr3fp\libm.a(lib_a-w_sqrt.o)
                                 0xb4 (size before relaxing)
                0x80005c58                sqrt
 .text.__ieee754_pow
                0x80005cf0      0xa94 c:/program files (x86)/atmel/atmel toolchain/avr32 gcc/native/3.4.1067/avr32-gnu-toolchain/bin/../lib/gcc/avr32/4.4.7/../../../../avr32/lib/ucr3fp\libm.a(lib_a-e_pow.o)
                                0xaf0 (size before relaxing)
                0x80005cf0                __ieee754_pow
 .text.__ieee754_sqrt
                0x80006784      0x188 c:/program files (x86)/atmel/atmel toolchain/avr32 gcc/native/3.4.1067/avr32-gnu-toolchain/bin/../lib/gcc/avr32/4.4.7/../../../../avr32/lib/ucr3fp\libm.a(lib_a-e_sqrt.o)
                                0x19c (size before relaxing)
                0x80006784                __ieee754_sqrt
 .text.fabs     0x8000690c        0x8 c:/program files (x86)/atmel/atmel toolchain/avr32 gcc/native/3.4.1067/avr32-gnu-toolchain/bin/../lib/gcc/avr32/4.4.7/../../../../avr32/lib/ucr3fp\libm.a(lib_a-s_fabs.o)
                0x8000690c                fabs
 .text.finite   0x80006914       0x10 c:/program files (x86)/atmel/atmel toolchain/avr32 gcc/native/3.4.1067/avr32-gnu-toolchain/bin/../lib/gcc/avr32/4.4.7/../../../../avr32/lib/ucr3fp\libm.a(lib_a-s_finite.o)
                0x80006914                finite
 .text.__isnand
                0x80006924       0x1c c:/program files (x86)/atmel/atmel toolchain/avr32 gcc/native/3.4.1067/avr32-gnu-toolchain/bin/../lib/gcc/avr32/4.4.7/../../../../avr32/lib/ucr3fp\libm.a(lib_a-s_isnand.o)
                0x80006924                __isnand
 .text.matherr  0x80006940        0x2 c:/program files (x86)/atmel/atmel toolchain/avr32 gcc/native/3.4.1067/avr32-gnu-toolchain/bin/../lib/gcc/avr32/4.4.7/../../../../avr32/lib/ucr3fp\libm.a(lib_a-s_matherr.o)
                0x80006940                matherr
 .text.nan      0x80006942        0x8 c:/program files (x86)/atmel/atmel toolchain/avr32 gcc/native/3.4.1067/avr32-gnu-toolchain/bin/../lib/gcc/avr32/4.4.7/../../../../avr32/lib/ucr3fp\libm.a(lib_a-s_nan.o)
                0x80006942                nan
 *fill*         0x8000694a        0x2 d703d703
 .text.rint     0x8000694c      0x118 c:/program files (x86)/atmel/atmel toolchain/avr32 gcc/native/3.4.1067/avr32-gnu-toolchain/bin/../lib/gcc/avr32/4.4.7/../../../../avr32/lib/ucr3fp\libm.a(lib_a-s_rint.o)
                                0x124 (size before relaxing)
                0x8000694c                rint
 .text.scalbn   0x80006a64       0xdc c:/program files (x86)/atmel/atmel toolchain/avr32 gcc/native/3.4.1067/avr32-gnu-toolchain/bin/../lib/gcc/avr32/4.4.7/../../../../avr32/lib/ucr3fp\libm.a(lib_a-s_scalbn.o)
                                 0xf0 (size before relaxing)
                0x80006a64                scalbn
 .text.copysign
                0x80006b40       0x18 c:/program files (x86)/atmel/atmel toolchain/avr32 gcc/native/3.4.1067/avr32-gnu-toolchain/bin/../lib/gcc/avr32/4.4.7/../../../../avr32/lib/ucr3fp\libm.a(lib_a-s_copysign.o)
                0x80006b40                copysign
 .text          0x80006b58      0x1d4 c:/program files (x86)/atmel/atmel toolchain/avr32 gcc/native/3.4.1067/avr32-gnu-toolchain/bin/../lib/gcc/avr32/4.4.7/ucr3fp\libgcc.a(_avr32_f64_mul.o)
                0x80006b58                __avr32_f64_mul
 .text          0x80006d2c      0x2b0 c:/program files (x86)/atmel/atmel toolchain/avr32 gcc/native/3.4.1067/avr32-gnu-toolchain/bin/../lib/gcc/avr32/4.4.7/ucr3fp\libgcc.a(_avr32_f64_addsub.o)
                0x80006d30                __avr32_f64_sub
                0x80006ecc                __avr32_f64_add
 .text          0x80006fdc       0xe8 c:/program files (x86)/atmel/atmel toolchain/avr32 gcc/native/3.4.1067/avr32-gnu-toolchain/bin/../lib/gcc/avr32/4.4.7/ucr3fp\libgcc.a(_avr32_s32_to_f64.o)
                0x80006fdc                __avr32_u32_to_f64
                0x80006fe4                __avr32_s32_to_f64
 .text          0x800070c4       0x26 c:/program files (x86)/atmel/atmel toolchain/avr32 gcc/native/3.4.1067/avr32-gnu-toolchain/bin/../lib/gcc/avr32/4.4.7/ucr3fp\libgcc.a(_avr32_f64_cmp_eq.o)
                0x800070c4                __avr32_f64_cmp_eq
 .text          0x800070ea       0x68 c:/program files (x86)/atmel/atmel toolchain/avr32 gcc/native/3.4.1067/avr32-gnu-toolchain/bin/../lib/gcc/avr32/4.4.7/ucr3fp\libgcc.a(_avr32_f64_cmp_ge.o)
                0x800070ea                __avr32_f64_cmp_ge
 .text          0x80007152       0x68 c:/program files (x86)/atmel/atmel toolchain/avr32 gcc/native/3.4.1067/avr32-gnu-toolchain/bin/../lib/gcc/avr32/4.4.7/ucr3fp\libgcc.a(_avr32_f64_cmp_lt.o)
                0x80007152                __avr32_f64_cmp_lt
 *fill*         0x800071ba        0x2 d703d703
 .text          0x800071bc      0x318 c:/program files (x86)/atmel/atmel toolchain/avr32 gcc/native/3.4.1067/avr32-gnu-toolchain/bin/../lib/gcc/avr32/4.4.7/ucr3fp\libgcc.a(_avr32_f64_div.o)
                0x800071bc                __avr32_f64_div
 .text          0x800074d4      0x160 c:/program files (x86)/atmel/atmel toolchain/avr32 gcc/native/3.4.1067/avr32-gnu-toolchain/bin/../lib/gcc/avr32/4.4.7/ucr3fp\libgcc.a(_avr32_f32_div.o)
                0x800074d4                __avr32_f32_div
 .text          0x80007634      0x180 c:/program files (x86)/atmel/atmel toolchain/avr32 gcc/native/3.4.1067/avr32-gnu-toolchain/bin/../lib/gcc/avr32/4.4.7/ucr3fp\libgcc.a(_avr32_f32_addsub.o)
                0x80007638                __avr32_f32_sub
                0x80007708                __avr32_f32_add
 .text          0x800077b4       0x60 c:/program files (x86)/atmel/atmel toolchain/avr32 gcc/native/3.4.1067/avr32-gnu-toolchain/bin/../lib/gcc/avr32/4.4.7/ucr3fp\libgcc.a(_avr32_f32_to_f64.o)
                0x800077b4                __avr32_f32_to_f64
 .text          0x80007814       0x8a c:/program files (x86)/atmel/atmel toolchain/avr32 gcc/native/3.4.1067/avr32-gnu-toolchain/bin/../lib/gcc/avr32/4.4.7/ucr3fp\libgcc.a(_avr32_f64_to_f32.o)
                0x80007814                __avr32_f64_to_f32
 *fill*         0x8000789e        0x2 d703d703
 .text.atexit   0x800078a0       0x10 c:/program files (x86)/atmel/atmel toolchain/avr32 gcc/native/3.4.1067/avr32-gnu-toolchain/bin/../lib/gcc/avr32/4.4.7/../../../../avr32/lib/ucr3fp\libc.a(lib_a-atexit.o)
                                 0x14 (size before relaxing)
                0x800078a0                atexit
 .text.atof     0x800078b0        0xc c:/program files (x86)/atmel/atmel toolchain/avr32 gcc/native/3.4.1067/avr32-gnu-toolchain/bin/../lib/gcc/avr32/4.4.7/../../../../avr32/lib/ucr3fp\libc.a(lib_a-atof.o)
                                 0x10 (size before relaxing)
                0x800078b0                atof
 .text.__errno  0x800078bc        0xc c:/program files (x86)/atmel/atmel toolchain/avr32 gcc/native/3.4.1067/avr32-gnu-toolchain/bin/../lib/gcc/avr32/4.4.7/../../../../avr32/lib/ucr3fp\libc.a(lib_a-errno.o)
                0x800078bc                __errno
 .text.exit     0x800078c8       0x20 c:/program files (x86)/atmel/atmel toolchain/avr32 gcc/native/3.4.1067/avr32-gnu-toolchain/bin/../lib/gcc/avr32/4.4.7/../../../../avr32/lib/ucr3fp\libc.a(lib_a-exit.o)
                                 0x28 (size before relaxing)
                0x800078c8                exit
 .text.free     0x800078e8       0x10 c:/program files (x86)/atmel/atmel toolchain/avr32 gcc/native/3.4.1067/avr32-gnu-toolchain/bin/../lib/gcc/avr32/4.4.7/../../../../avr32/lib/ucr3fp\libc.a(lib_a-malloc.o)
                                 0x18 (size before relaxing)
                0x800078e8                free
 .text.malloc   0x800078f8       0x10 c:/program files (x86)/atmel/atmel toolchain/avr32 gcc/native/3.4.1067/avr32-gnu-toolchain/bin/../lib/gcc/avr32/4.4.7/../../../../avr32/lib/ucr3fp\libc.a(lib_a-malloc.o)
                                 0x18 (size before relaxing)
                0x800078f8                malloc
 .text._malloc_r
                0x80007908      0x434 c:/program files (x86)/atmel/atmel toolchain/avr32 gcc/native/3.4.1067/avr32-gnu-toolchain/bin/../lib/gcc/avr32/4.4.7/../../../../avr32/lib/ucr3fp\libc.a(lib_a-mallocr.o)
                                0x450 (size before relaxing)
                0x80007908                _malloc_r
 .text          0x80007d3c      0x148 c:/program files (x86)/atmel/atmel toolchain/avr32 gcc/native/3.4.1067/avr32-gnu-toolchain/bin/../lib/gcc/avr32/4.4.7/../../../../avr32/lib/ucr3fp\libc.a(lib_a-memcpy.o)
                0x80007d3c                memcpy
 .text.memset   0x80007e84        0xe c:/program files (x86)/atmel/atmel toolchain/avr32 gcc/native/3.4.1067/avr32-gnu-toolchain/bin/../lib/gcc/avr32/4.4.7/../../../../avr32/lib/ucr3fp\libc.a(lib_a-memset.o)
                0x80007e84                memset
 *fill*         0x80007e92        0x2 d703d703
 .text._sbrk_r  0x80007e94       0x20 c:/program files (x86)/atmel/atmel toolchain/avr32 gcc/native/3.4.1067/avr32-gnu-toolchain/bin/../lib/gcc/avr32/4.4.7/../../../../avr32/lib/ucr3fp\libc.a(lib_a-sbrkr.o)
                                 0x28 (size before relaxing)
                0x80007e94                _sbrk_r
 .text.strcat   0x80007eb4       0x22 c:/program files (x86)/atmel/atmel toolchain/avr32 gcc/native/3.4.1067/avr32-gnu-toolchain/bin/../lib/gcc/avr32/4.4.7/../../../../avr32/lib/ucr3fp\libc.a(lib_a-strcat.o)
                0x80007eb4                strcat
 .text.strcpy   0x80007ed6       0x12 c:/program files (x86)/atmel/atmel toolchain/avr32 gcc/native/3.4.1067/avr32-gnu-toolchain/bin/../lib/gcc/avr32/4.4.7/../../../../avr32/lib/ucr3fp\libc.a(lib_a-strcpy.o)
                0x80007ed6                strcpy
 .text.strlen   0x80007ee8       0x16 c:/program files (x86)/atmel/atmel toolchain/avr32 gcc/native/3.4.1067/avr32-gnu-toolchain/bin/../lib/gcc/avr32/4.4.7/../../../../avr32/lib/ucr3fp\libc.a(lib_a-strlen.o)
                0x80007ee8                strlen
 *fill*         0x80007efe        0x2 d703d703
 .text          0x80007f00       0x20 c:/program files (x86)/atmel/atmel toolchain/avr32 gcc/native/3.4.1067/avr32-gnu-toolchain/bin/../lib/gcc/avr32/4.4.7/../../../../avr32/lib/ucr3fp\libc.a(lib_a-strncpy.o)
                0x80007f00                strncpy
 .text._strtod_r
                0x80007f20      0xc64 c:/program files (x86)/atmel/atmel toolchain/avr32 gcc/native/3.4.1067/avr32-gnu-toolchain/bin/../lib/gcc/avr32/4.4.7/../../../../avr32/lib/ucr3fp\libc.a(lib_a-strtod.o)
                                0xcf0 (size before relaxing)
                0x80007f20                _strtod_r
 .text.strtod   0x80008b84       0x14 c:/program files (x86)/atmel/atmel toolchain/avr32 gcc/native/3.4.1067/avr32-gnu-toolchain/bin/../lib/gcc/avr32/4.4.7/../../../../avr32/lib/ucr3fp\libc.a(lib_a-strtod.o)
                                 0x18 (size before relaxing)
                0x80008b84                strtod
 .text._init_argv
                0x80008b98        0xa c:/program files (x86)/atmel/atmel toolchain/avr32 gcc/native/3.4.1067/avr32-gnu-toolchain/bin/../lib/gcc/avr32/4.4.7/../../../../avr32/lib/ucr3fp\libc.a(lib_a-syscalls.o)
                0x80008b98                _init_argv
 .text._exit    0x80008ba2        0xa c:/program files (x86)/atmel/atmel toolchain/avr32 gcc/native/3.4.1067/avr32-gnu-toolchain/bin/../lib/gcc/avr32/4.4.7/../../../../avr32/lib/ucr3fp\libc.a(lib_a-syscalls.o)
                0x80008ba2                _exit
 .text._gettimeofday_host
                0x80008bac       0x14 c:/program files (x86)/atmel/atmel toolchain/avr32 gcc/native/3.4.1067/avr32-gnu-toolchain/bin/../lib/gcc/avr32/4.4.7/../../../../avr32/lib/ucr3fp\libc.a(lib_a-syscalls.o)
                                 0x18 (size before relaxing)
                0x80008bac                _gettimeofday_host
 .text._gettimeofday
                0x80008bc0       0x20 c:/program files (x86)/atmel/atmel toolchain/avr32 gcc/native/3.4.1067/avr32-gnu-toolchain/bin/../lib/gcc/avr32/4.4.7/../../../../avr32/lib/ucr3fp\libc.a(lib_a-syscalls.o)
                                 0x24 (size before relaxing)
                0x80008bc0                _gettimeofday
 .text._sbrk    0x80008be0       0x38 c:/program files (x86)/atmel/atmel toolchain/avr32 gcc/native/3.4.1067/avr32-gnu-toolchain/bin/../lib/gcc/avr32/4.4.7/../../../../avr32/lib/ucr3fp\libc.a(lib_a-syscalls.o)
                                 0x40 (size before relaxing)
                0x80008be0                _sbrk
 .text.gettimeofday
                0x80008c18        0x8 c:/program files (x86)/atmel/atmel toolchain/avr32 gcc/native/3.4.1067/avr32-gnu-toolchain/bin/../lib/gcc/avr32/4.4.7/../../../../avr32/lib/ucr3fp\libc.a(lib_a-sysgettod.o)
                                  0xc (size before relaxing)
                0x80008c18                gettimeofday
 .text.__register_exitproc
                0x80008c20       0xa4 c:/program files (x86)/atmel/atmel toolchain/avr32 gcc/native/3.4.1067/avr32-gnu-toolchain/bin/../lib/gcc/avr32/4.4.7/../../../../avr32/lib/ucr3fp\libc.a(lib_a-__atexit.o)
                                 0xac (size before relaxing)
                0x80008c20                __register_exitproc
 .text.__call_exitprocs
                0x80008cc4       0xcc c:/program files (x86)/atmel/atmel toolchain/avr32 gcc/native/3.4.1067/avr32-gnu-toolchain/bin/../lib/gcc/avr32/4.4.7/../../../../avr32/lib/ucr3fp\libc.a(lib_a-__call_atexit.o)
                                 0xd4 (size before relaxing)
                0x80008cc4                __call_exitprocs
 .text._malloc_trim_r
                0x80008d90       0x98 c:/program files (x86)/atmel/atmel toolchain/avr32 gcc/native/3.4.1067/avr32-gnu-toolchain/bin/../lib/gcc/avr32/4.4.7/../../../../avr32/lib/ucr3fp\libc.a(lib_a-freer.o)
                                 0xa8 (size before relaxing)
                0x80008d90                _malloc_trim_r
 .text._free_r  0x80008e28      0x18c c:/program files (x86)/atmel/atmel toolchain/avr32 gcc/native/3.4.1067/avr32-gnu-toolchain/bin/../lib/gcc/avr32/4.4.7/../../../../avr32/lib/ucr3fp\libc.a(lib_a-freer.o)
                                0x1a0 (size before relaxing)
                0x80008e28                _free_r
 .text.__hexdig_init
                0x80008fb4       0x5c c:/program files (x86)/atmel/atmel toolchain/avr32 gcc/native/3.4.1067/avr32-gnu-toolchain/bin/../lib/gcc/avr32/4.4.7/../../../../avr32/lib/ucr3fp\libc.a(lib_a-gdtoa-gethex.o)
                                 0x60 (size before relaxing)
                0x80008fb4                __hexdig_init
 .text.rshift   0x80009010       0x6a c:/program files (x86)/atmel/atmel toolchain/avr32 gcc/native/3.4.1067/avr32-gnu-toolchain/bin/../lib/gcc/avr32/4.4.7/../../../../avr32/lib/ucr3fp\libc.a(lib_a-gdtoa-gethex.o)
 *fill*         0x8000907a        0x2 d703d703
 .text.__gethex
                0x8000907c      0x424 c:/program files (x86)/atmel/atmel toolchain/avr32 gcc/native/3.4.1067/avr32-gnu-toolchain/bin/../lib/gcc/avr32/4.4.7/../../../../avr32/lib/ucr3fp\libc.a(lib_a-gdtoa-gethex.o)
                                0x458 (size before relaxing)
                0x8000907c                __gethex
 .text.__hexnan
                0x800094a0      0x17c c:/program files (x86)/atmel/atmel toolchain/avr32 gcc/native/3.4.1067/avr32-gnu-toolchain/bin/../lib/gcc/avr32/4.4.7/../../../../avr32/lib/ucr3fp\libc.a(lib_a-gdtoa-hexnan.o)
                                0x180 (size before relaxing)
                0x800094a0                __hexnan
 .text.__hi0bits
                0x8000961c       0x60 c:/program files (x86)/atmel/atmel toolchain/avr32 gcc/native/3.4.1067/avr32-gnu-toolchain/bin/../lib/gcc/avr32/4.4.7/../../../../avr32/lib/ucr3fp\libc.a(lib_a-mprec.o)
                0x8000961c                __hi0bits
 .text.__lo0bits
                0x8000967c       0x8e c:/program files (x86)/atmel/atmel toolchain/avr32 gcc/native/3.4.1067/avr32-gnu-toolchain/bin/../lib/gcc/avr32/4.4.7/../../../../avr32/lib/ucr3fp\libc.a(lib_a-mprec.o)
                0x8000967c                __lo0bits
 .text.__mcmp   0x8000970a       0x32 c:/program files (x86)/atmel/atmel toolchain/avr32 gcc/native/3.4.1067/avr32-gnu-toolchain/bin/../lib/gcc/avr32/4.4.7/../../../../avr32/lib/ucr3fp\libc.a(lib_a-mprec.o)
                0x8000970a                __mcmp
 .text.__ulp    0x8000973c       0x48 c:/program files (x86)/atmel/atmel toolchain/avr32 gcc/native/3.4.1067/avr32-gnu-toolchain/bin/../lib/gcc/avr32/4.4.7/../../../../avr32/lib/ucr3fp\libc.a(lib_a-mprec.o)
                0x8000973c                __ulp
 .text.__b2d    0x80009784       0x98 c:/program files (x86)/atmel/atmel toolchain/avr32 gcc/native/3.4.1067/avr32-gnu-toolchain/bin/../lib/gcc/avr32/4.4.7/../../../../avr32/lib/ucr3fp\libc.a(lib_a-mprec.o)
                                 0xa0 (size before relaxing)
                0x80009784                __b2d
 .text.__ratio  0x8000981c       0x50 c:/program files (x86)/atmel/atmel toolchain/avr32 gcc/native/3.4.1067/avr32-gnu-toolchain/bin/../lib/gcc/avr32/4.4.7/../../../../avr32/lib/ucr3fp\libc.a(lib_a-mprec.o)
                                 0x5c (size before relaxing)
                0x8000981c                __ratio
 .text.__copybits
                0x8000986c       0x2e c:/program files (x86)/atmel/atmel toolchain/avr32 gcc/native/3.4.1067/avr32-gnu-toolchain/bin/../lib/gcc/avr32/4.4.7/../../../../avr32/lib/ucr3fp\libc.a(lib_a-mprec.o)
                0x8000986c                __copybits
 .text.__any_on
                0x8000989a       0x4c c:/program files (x86)/atmel/atmel toolchain/avr32 gcc/native/3.4.1067/avr32-gnu-toolchain/bin/../lib/gcc/avr32/4.4.7/../../../../avr32/lib/ucr3fp\libc.a(lib_a-mprec.o)
                0x8000989a                __any_on
 *fill*         0x800098e6        0x2 d703d703
 .text._Bfree   0x800098e8       0x34 c:/program files (x86)/atmel/atmel toolchain/avr32 gcc/native/3.4.1067/avr32-gnu-toolchain/bin/../lib/gcc/avr32/4.4.7/../../../../avr32/lib/ucr3fp\libc.a(lib_a-mprec.o)
                                 0x38 (size before relaxing)
                0x800098e8                _Bfree
 .text._Balloc  0x8000991c       0x70 c:/program files (x86)/atmel/atmel toolchain/avr32 gcc/native/3.4.1067/avr32-gnu-toolchain/bin/../lib/gcc/avr32/4.4.7/../../../../avr32/lib/ucr3fp\libc.a(lib_a-mprec.o)
                                 0x78 (size before relaxing)
                0x8000991c                _Balloc
 .text.__d2b    0x8000998c       0xa4 c:/program files (x86)/atmel/atmel toolchain/avr32 gcc/native/3.4.1067/avr32-gnu-toolchain/bin/../lib/gcc/avr32/4.4.7/../../../../avr32/lib/ucr3fp\libc.a(lib_a-mprec.o)
                                 0xb4 (size before relaxing)
                0x8000998c                __d2b
 .text.__mdiff  0x80009a30       0xd0 c:/program files (x86)/atmel/atmel toolchain/avr32 gcc/native/3.4.1067/avr32-gnu-toolchain/bin/../lib/gcc/avr32/4.4.7/../../../../avr32/lib/ucr3fp\libc.a(lib_a-mprec.o)
                                 0xd8 (size before relaxing)
                0x80009a30                __mdiff
 .text.__lshift
                0x80009b00       0x88 c:/program files (x86)/atmel/atmel toolchain/avr32 gcc/native/3.4.1067/avr32-gnu-toolchain/bin/../lib/gcc/avr32/4.4.7/../../../../avr32/lib/ucr3fp\libc.a(lib_a-mprec.o)
                                 0x94 (size before relaxing)
                0x80009b00                __lshift
 .text.__multiply
                0x80009b88      0x100 c:/program files (x86)/atmel/atmel toolchain/avr32 gcc/native/3.4.1067/avr32-gnu-toolchain/bin/../lib/gcc/avr32/4.4.7/../../../../avr32/lib/ucr3fp\libc.a(lib_a-mprec.o)
                                0x108 (size before relaxing)
                0x80009b88                __multiply
 .text.__i2b    0x80009c88       0x10 c:/program files (x86)/atmel/atmel toolchain/avr32 gcc/native/3.4.1067/avr32-gnu-toolchain/bin/../lib/gcc/avr32/4.4.7/../../../../avr32/lib/ucr3fp\libc.a(lib_a-mprec.o)
                                 0x18 (size before relaxing)
                0x80009c88                __i2b
 .text.__multadd
                0x80009c98       0x7c c:/program files (x86)/atmel/atmel toolchain/avr32 gcc/native/3.4.1067/avr32-gnu-toolchain/bin/../lib/gcc/avr32/4.4.7/../../../../avr32/lib/ucr3fp\libc.a(lib_a-mprec.o)
                                 0x88 (size before relaxing)
                0x80009c98                __multadd
 .text.__pow5mult
                0x80009d14       0x8c c:/program files (x86)/atmel/atmel toolchain/avr32 gcc/native/3.4.1067/avr32-gnu-toolchain/bin/../lib/gcc/avr32/4.4.7/../../../../avr32/lib/ucr3fp\libc.a(lib_a-mprec.o)
                                 0xac (size before relaxing)
                0x80009d14                __pow5mult
 .text.__s2b    0x80009da0       0x78 c:/program files (x86)/atmel/atmel toolchain/avr32 gcc/native/3.4.1067/avr32-gnu-toolchain/bin/../lib/gcc/avr32/4.4.7/../../../../avr32/lib/ucr3fp\libc.a(lib_a-mprec.o)
                                 0x84 (size before relaxing)
                0x80009da0                __s2b
 .text._calloc_r
                0x80009e18       0x58 c:/program files (x86)/atmel/atmel toolchain/avr32 gcc/native/3.4.1067/avr32-gnu-toolchain/bin/../lib/gcc/avr32/4.4.7/../../../../avr32/lib/ucr3fp\libc.a(lib_a-callocr.o)
                                 0x60 (size before relaxing)
                0x80009e18                _calloc_r
 .text          0x80009e70       0x2a c:/program files (x86)/atmel/atmel toolchain/avr32 gcc/native/3.4.1067/avr32-gnu-toolchain/bin/../lib/gcc/avr32/4.4.7/ucr3fp\libgcc.a(_avr32_f64_to_s32.o)
                0x80009e70                __avr32_f64_to_u32
                0x80009e74                __avr32_f64_to_s32
 *fill*         0x80009e9a        0x2 d703d703
 .text          0x80009e9c       0x14 c:/program files (x86)/atmel/atmel toolchain/avr32 gcc/native/3.4.1067/avr32-gnu-toolchain/bin/../lib/gcc/avr32/4.4.7/ucr3fp/crtend.o
                                 0x18 (size before relaxing)
 *(.text.*personality*)
 *(.gnu.warning)

.exception      0x8000a000      0x200
 .exception     0x8000a000      0x200 src/ASF/thirdparty/freertos/freertos-7.0.0/source/portable/gcc/avr32_uc3/exception.o
                0x8000a000                _evba
                0x8000a104                _int0
                0x8000a112                _int1
                0x8000a120                _int2
                0x8000a12e                _int3

.fini           0x8000a200       0x18
 *(.fini)
 .fini          0x8000a200       0x10 c:/program files (x86)/atmel/atmel toolchain/avr32 gcc/native/3.4.1067/avr32-gnu-toolchain/bin/../lib/gcc/avr32/4.4.7/ucr3fp/crti.o
                0x8000a200                _fini
 .fini          0x8000a210        0x4 c:/program files (x86)/atmel/atmel toolchain/avr32 gcc/native/3.4.1067/avr32-gnu-toolchain/bin/../lib/gcc/avr32/4.4.7/ucr3fp/crtbegin.o
 .fini          0x8000a214        0x4 c:/program files (x86)/atmel/atmel toolchain/avr32 gcc/native/3.4.1067/avr32-gnu-toolchain/bin/../lib/gcc/avr32/4.4.7/ucr3fp/crtn.o
                0x8000a218                PROVIDE (__etext, .)
                0x8000a218                PROVIDE (_etext, .)
                0x8000a218                PROVIDE (etext, .)

.rodata         0x8000a218      0x5d4
 *(.rodata .rodata.* .gnu.linkonce.r.*)
 .rodata.HEX_DIGITS
                0x8000a218       0x10 src/ASF/avr32/utils/debug/print_funcs.o
 .rodata.DBG_USART_GPIO_MAP.14591
                0x8000a228       0x10 src/ASF/avr32/utils/debug/print_funcs.o
 .rodata.BLE_SPI_GPIO_MAP.16543
                0x8000a238       0x18 src/ble_spi.o
 .rodata.C.57.16545
                0x8000a250       0x10 src/ble_spi.o
 .rodata.str1.4
                0x8000a260      0x144 src/ble_task.o
                                0x148 (size before relaxing)
 .rodata.CAN_GPIO_MAP.16609
                0x8000a3a4       0x20 src/can_com.o
 .rodata.str1.4
                0x8000a3c4        0x4 src/can_task.o
 .rodata.str1.4
                0x8000a3c8        0x2 src/imu.o
                                  0x4 (size before relaxing)
 *fill*         0x8000a3ca        0x2 
 .rodata.C.56.16518
                0x8000a3cc       0x10 src/imu_spi.o
 .rodata.IMU_SPI_GPIO_MAP.16517
                0x8000a3dc       0x20 src/imu_spi.o
 .rodata.C.59.16547
                0x8000a3fc       0x14 src/imu_spi.o
 .rodata.str1.4
                0x8000a410        0xf src/main.o
                                 0x10 (size before relaxing)
 *fill*         0x8000a41f        0x1 
 .rodata.WAVEFORM_OPT.16549
                0x8000a420        0x8 src/timer.o
 .rodata.TC_INTERRUPT.16550
                0x8000a428        0x4 src/timer.o
 .rodata.gpio_enable_module_pin
                0x8000a42c       0x20 src/ASF/avr32/drivers/gpio/gpio.o
 .rodata._int_handler_table
                0x8000a44c      0x178 src/ASF/avr32/drivers/intc/intc.o
 .rodata.str1.4
                0x8000a5c4        0x5 src/ASF/thirdparty/freertos/freertos-7.0.0/source/tasks.o
                                  0x8 (size before relaxing)
 *fill*         0x8000a5c9        0x3 
 .rodata.str1.4
                0x8000a5cc        0x4 c:/program files (x86)/atmel/atmel toolchain/avr32 gcc/native/3.4.1067/avr32-gnu-toolchain/bin/../lib/gcc/avr32/4.4.7/../../../../avr32/lib/ucr3fp\libm.a(lib_a-w_pow.o)
 .rodata.str1.4
                0x8000a5d0        0x5 c:/program files (x86)/atmel/atmel toolchain/avr32 gcc/native/3.4.1067/avr32-gnu-toolchain/bin/../lib/gcc/avr32/4.4.7/../../../../avr32/lib/ucr3fp\libm.a(lib_a-w_sqrt.o)
                                  0x8 (size before relaxing)
 *fill*         0x8000a5d5        0x3 
 .rodata.dp_h   0x8000a5d8       0x10 c:/program files (x86)/atmel/atmel toolchain/avr32 gcc/native/3.4.1067/avr32-gnu-toolchain/bin/../lib/gcc/avr32/4.4.7/../../../../avr32/lib/ucr3fp\libm.a(lib_a-e_pow.o)
 .rodata.dp_l   0x8000a5e8       0x10 c:/program files (x86)/atmel/atmel toolchain/avr32 gcc/native/3.4.1067/avr32-gnu-toolchain/bin/../lib/gcc/avr32/4.4.7/../../../../avr32/lib/ucr3fp\libm.a(lib_a-e_pow.o)
 .rodata.bp     0x8000a5f8       0x10 c:/program files (x86)/atmel/atmel toolchain/avr32 gcc/native/3.4.1067/avr32-gnu-toolchain/bin/../lib/gcc/avr32/4.4.7/../../../../avr32/lib/ucr3fp\libm.a(lib_a-e_pow.o)
 .rodata.str1.4
                0x00000000        0x5 c:/program files (x86)/atmel/atmel toolchain/avr32 gcc/native/3.4.1067/avr32-gnu-toolchain/bin/../lib/gcc/avr32/4.4.7/../../../../avr32/lib/ucr3fp\libm.a(lib_a-e_pow.o)
                                  0x4 (size before relaxing)
 .rodata.TWO52  0x8000a608       0x10 c:/program files (x86)/atmel/atmel toolchain/avr32 gcc/native/3.4.1067/avr32-gnu-toolchain/bin/../lib/gcc/avr32/4.4.7/../../../../avr32/lib/ucr3fp\libm.a(lib_a-s_rint.o)
 .rodata.str1.4
                0x8000a618        0x2 c:/program files (x86)/atmel/atmel toolchain/avr32 gcc/native/3.4.1067/avr32-gnu-toolchain/bin/../lib/gcc/avr32/4.4.7/../../../../avr32/lib/ucr3fp\libc.a(lib_a-impure.o)
                                  0x4 (size before relaxing)
 *fill*         0x8000a61a        0x2 
 .rodata._global_impure_ptr
                0x8000a61c        0x4 c:/program files (x86)/atmel/atmel toolchain/avr32 gcc/native/3.4.1067/avr32-gnu-toolchain/bin/../lib/gcc/avr32/4.4.7/../../../../avr32/lib/ucr3fp\libc.a(lib_a-impure.o)
                0x8000a61c                _global_impure_ptr
 .rodata._strtod_r
                0x8000a620       0x1c c:/program files (x86)/atmel/atmel toolchain/avr32 gcc/native/3.4.1067/avr32-gnu-toolchain/bin/../lib/gcc/avr32/4.4.7/../../../../avr32/lib/ucr3fp\libc.a(lib_a-strtod.o)
 .rodata.str1.4
                0x8000a63c        0xf c:/program files (x86)/atmel/atmel toolchain/avr32 gcc/native/3.4.1067/avr32-gnu-toolchain/bin/../lib/gcc/avr32/4.4.7/../../../../avr32/lib/ucr3fp\libc.a(lib_a-strtod.o)
                                 0x10 (size before relaxing)
 *fill*         0x8000a64b        0x1 
 .rodata.tinytens
                0x8000a64c       0x28 c:/program files (x86)/atmel/atmel toolchain/avr32 gcc/native/3.4.1067/avr32-gnu-toolchain/bin/../lib/gcc/avr32/4.4.7/../../../../avr32/lib/ucr3fp\libc.a(lib_a-strtod.o)
 .rodata.__sf_fake_stdin
                0x8000a674       0x20 c:/program files (x86)/atmel/atmel toolchain/avr32 gcc/native/3.4.1067/avr32-gnu-toolchain/bin/../lib/gcc/avr32/4.4.7/../../../../avr32/lib/ucr3fp\libc.a(lib_a-findfp.o)
                0x8000a674                __sf_fake_stdin
 .rodata.__sf_fake_stdout
                0x8000a694       0x20 c:/program files (x86)/atmel/atmel toolchain/avr32 gcc/native/3.4.1067/avr32-gnu-toolchain/bin/../lib/gcc/avr32/4.4.7/../../../../avr32/lib/ucr3fp\libc.a(lib_a-findfp.o)
                0x8000a694                __sf_fake_stdout
 .rodata.__sf_fake_stderr
                0x8000a6b4       0x20 c:/program files (x86)/atmel/atmel toolchain/avr32 gcc/native/3.4.1067/avr32-gnu-toolchain/bin/../lib/gcc/avr32/4.4.7/../../../../avr32/lib/ucr3fp\libc.a(lib_a-findfp.o)
                0x8000a6b4                __sf_fake_stderr
 .rodata.str1.4
                0x8000a6d4       0x1c c:/program files (x86)/atmel/atmel toolchain/avr32 gcc/native/3.4.1067/avr32-gnu-toolchain/bin/../lib/gcc/avr32/4.4.7/../../../../avr32/lib/ucr3fp\libc.a(lib_a-gdtoa-gethex.o)
 .rodata.p05.2471
                0x8000a6f0        0xc c:/program files (x86)/atmel/atmel toolchain/avr32 gcc/native/3.4.1067/avr32-gnu-toolchain/bin/../lib/gcc/avr32/4.4.7/../../../../avr32/lib/ucr3fp\libc.a(lib_a-mprec.o)
 .rodata.__mprec_tens
                0x8000a6fc       0xc8 c:/program files (x86)/atmel/atmel toolchain/avr32 gcc/native/3.4.1067/avr32-gnu-toolchain/bin/../lib/gcc/avr32/4.4.7/../../../../avr32/lib/ucr3fp\libc.a(lib_a-mprec.o)
                0x8000a6fc                __mprec_tens
 .rodata.__mprec_bigtens
                0x8000a7c4       0x28 c:/program files (x86)/atmel/atmel toolchain/avr32 gcc/native/3.4.1067/avr32-gnu-toolchain/bin/../lib/gcc/avr32/4.4.7/../../../../avr32/lib/ucr3fp\libc.a(lib_a-mprec.o)
                0x8000a7c4                __mprec_bigtens

.rodata1
 *(.rodata1)

.eh_frame_hdr
 *(.eh_frame_hdr)

.eh_frame
 *(.eh_frame)

.gcc_except_table
 *(.gcc_except_table)
 *(.gcc_except_table.*)

.lalign         0x8000a7ec        0x4
                0x8000a7f0                . = ALIGN (0x8)
 *fill*         0x8000a7ec        0x4 
                0x8000a7f0                PROVIDE (_data_lma, .)
                0x00000004                . = ORIGIN (INTRAM)

.dalign         0x00000004        0x4
                0x00000008                . = ALIGN (0x8)
 *fill*         0x00000004        0x4 
                0x00000008                PROVIDE (_data, .)

.eh_frame
 *(.eh_frame)

.gcc_except_table
 *(.gcc_except_table)
 *(.gcc_except_table.*)

.tdata
 *(.tdata .tdata.* .gnu.linkonce.td.*)

.tbss
 *(.tbss .tbss.* .gnu.linkonce.tb.*)
 *(.tcommon)
                0x00000008                PROVIDE (__preinit_array_start, ALIGN (0x4))

.preinit_array
 *(.preinit_array)
                0x00000008                PROVIDE (__preinit_array_end, .)
                0x00000008                PROVIDE (__init_array_start, .)

.init_array
 *(.init_array)
                0x00000008                PROVIDE (__init_array_end, .)
                0x00000008                PROVIDE (__fini_array_start, .)

.fini_array
 *(.fini_array)
                0x00000008                PROVIDE (__fini_array_end, .)

.ctors          0x00000008        0x8 load address 0x8000a7f0
 *crtbegin*.o(.ctors)
 .ctors         0x00000008        0x4 c:/program files (x86)/atmel/atmel toolchain/avr32 gcc/native/3.4.1067/avr32-gnu-toolchain/bin/../lib/gcc/avr32/4.4.7/ucr3fp/crtbegin.o
 *(EXCLUDE_FILE(*crtend*.o) .ctors)
 *(SORT(.ctors.*))
 *(.ctors)
 .ctors         0x0000000c        0x4 c:/program files (x86)/atmel/atmel toolchain/avr32 gcc/native/3.4.1067/avr32-gnu-toolchain/bin/../lib/gcc/avr32/4.4.7/ucr3fp/crtend.o

.dtors          0x00000010        0x8 load address 0x8000a7f8
 *crtbegin*.o(.dtors)
 .dtors         0x00000010        0x4 c:/program files (x86)/atmel/atmel toolchain/avr32 gcc/native/3.4.1067/avr32-gnu-toolchain/bin/../lib/gcc/avr32/4.4.7/ucr3fp/crtbegin.o
 *(EXCLUDE_FILE(*crtend*.o) .dtors)
 *(SORT(.dtors.*))
 *(.dtors)
 .dtors         0x00000014        0x4 c:/program files (x86)/atmel/atmel toolchain/avr32 gcc/native/3.4.1067/avr32-gnu-toolchain/bin/../lib/gcc/avr32/4.4.7/ucr3fp/crtend.o
                0x00000014                __DTOR_END__

.jcr            0x00000018        0x4 load address 0x8000a800
 *(.jcr)
 .jcr           0x00000018        0x0 c:/program files (x86)/atmel/atmel toolchain/avr32 gcc/native/3.4.1067/avr32-gnu-toolchain/bin/../lib/gcc/avr32/4.4.7/ucr3fp/crtbegin.o
 .jcr           0x00000018        0x4 c:/program files (x86)/atmel/atmel toolchain/avr32 gcc/native/3.4.1067/avr32-gnu-toolchain/bin/../lib/gcc/avr32/4.4.7/ucr3fp/crtend.o

.data.rel.ro
 *(.data.rel.ro.local)
 *(.data.rel.ro*)

.dynamic
 *(.dynamic)

.got            0x0000001c        0x0 load address 0x8000a804
 *(.got.plt)
 *(.got)
 .got           0x0000001c        0x0 c:/program files (x86)/atmel/atmel toolchain/avr32 gcc/native/3.4.1067/avr32-gnu-toolchain/bin/../lib/gcc/avr32/4.4.7/../../../../avr32/lib/ucr3fp/crt0.o
                0x0000001c                _GLOBAL_OFFSET_TABLE_

.ramtext
 *(.ramtext .ramtext.*)

.ddalign        0x0000001c        0x0 load address 0x8000a804
                0x00000020                . = ALIGN (0x8)

.data           0x0000001c      0x998 load address 0x8000a804
 *(.data .data.* .gnu.linkonce.d.*)
 .data.setup_message
                0x0000001c      0x441 src/ble_aci_setup.o
                0x0000001c                setup_message
 *fill*         0x0000045d        0x3 
 .data.msg_tx   0x00000460       0x10 src/can_com.o
                0x00000460                msg_tx
 .data.assistance_lvl
                0x00000470        0x4 src/hmi.o
                0x00000470                assistance_lvl
 .data.tc       0x00000474        0x4 src/timer.o
                0x00000474                tc
 .data.flashc_wait_until_ready
                0x00000478        0x4 src/ASF/avr32/drivers/flashc/flashc.o
                0x00000478                flashc_wait_until_ready
 .data.ulCriticalNesting
                0x0000047c        0x4 src/ASF/thirdparty/freertos/freertos-7.0.0/source/portable/gcc/avr32_uc3/port.o
                0x0000047c                ulCriticalNesting
 .data.xNextTaskUnblockTime
                0x00000480        0x4 src/ASF/thirdparty/freertos/freertos-7.0.0/source/tasks.o
 .data.__fdlib_version
                0x00000484        0x4 c:/program files (x86)/atmel/atmel toolchain/avr32 gcc/native/3.4.1067/avr32-gnu-toolchain/bin/../lib/gcc/avr32/4.4.7/../../../../avr32/lib/ucr3fp\libm.a(lib_a-s_lib_ver.o)
                0x00000484                __fdlib_version
 .data.impure_data
                0x00000488       0xf0 c:/program files (x86)/atmel/atmel toolchain/avr32 gcc/native/3.4.1067/avr32-gnu-toolchain/bin/../lib/gcc/avr32/4.4.7/../../../../avr32/lib/ucr3fp\libc.a(lib_a-impure.o)
 .data._impure_ptr
                0x00000578        0x4 c:/program files (x86)/atmel/atmel toolchain/avr32 gcc/native/3.4.1067/avr32-gnu-toolchain/bin/../lib/gcc/avr32/4.4.7/../../../../avr32/lib/ucr3fp\libc.a(lib_a-impure.o)
                0x00000578                _impure_ptr
 .data.__malloc_av_
                0x0000057c      0x408 c:/program files (x86)/atmel/atmel toolchain/avr32 gcc/native/3.4.1067/avr32-gnu-toolchain/bin/../lib/gcc/avr32/4.4.7/../../../../avr32/lib/ucr3fp\libc.a(lib_a-mallocr.o)
                0x0000057c                __malloc_av_
 .data.__malloc_trim_threshold
                0x00000984        0x4 c:/program files (x86)/atmel/atmel toolchain/avr32 gcc/native/3.4.1067/avr32-gnu-toolchain/bin/../lib/gcc/avr32/4.4.7/../../../../avr32/lib/ucr3fp\libc.a(lib_a-mallocr.o)
                0x00000984                __malloc_trim_threshold
 .data.__malloc_sbrk_base
                0x00000988        0x4 c:/program files (x86)/atmel/atmel toolchain/avr32 gcc/native/3.4.1067/avr32-gnu-toolchain/bin/../lib/gcc/avr32/4.4.7/../../../../avr32/lib/ucr3fp\libc.a(lib_a-mallocr.o)
                0x00000988                __malloc_sbrk_base
 .data.fpinan.1939
                0x0000098c       0x14 c:/program files (x86)/atmel/atmel toolchain/avr32 gcc/native/3.4.1067/avr32-gnu-toolchain/bin/../lib/gcc/avr32/4.4.7/../../../../avr32/lib/ucr3fp\libc.a(lib_a-strtod.o)
 .data.fpi.1903
                0x000009a0       0x14 c:/program files (x86)/atmel/atmel toolchain/avr32 gcc/native/3.4.1067/avr32-gnu-toolchain/bin/../lib/gcc/avr32/4.4.7/../../../../avr32/lib/ucr3fp\libc.a(lib_a-strtod.o)
 *(.gnu.linkonce.d.*personality*)

.data1
 *(.data1)

.balign         0x000009b4       0x1c load address 0x8000b19c
                0x000009b8                . = ALIGN (0x8)
 *fill*         0x000009b4        0x4 
                0x000009b8                PROVIDE (_edata, .)
                0x000009b8                PROVIDE (edata, .)
                0x000009b8                __bss_start = .

.bss            0x000009d0     0x4c30
 *(.dynbss)
 *(.bss .bss.* .gnu.linkonce.b.*)
 .bss           0x000009d0        0x8 c:/program files (x86)/atmel/atmel toolchain/avr32 gcc/native/3.4.1067/avr32-gnu-toolchain/bin/../lib/gcc/avr32/4.4.7/ucr3fp/crtbegin.o
 .bss.can_mob_alloc_vector0
                0x000009d8        0x4 src/ASF/avr32/services/network/can/can.o
                0x000009d8                can_mob_alloc_vector0
 .bss.can_mob_alloc_vector1
                0x000009dc        0x4 src/ASF/avr32/services/network/can/can.o
                0x000009dc                can_mob_alloc_vector1
 .bss.can_lib_params
                0x000009e0        0x8 src/ASF/avr32/services/network/can/can.o
 .bss.ble_connected
                0x000009e8        0x1 src/ble_task.o
                0x000009e8                ble_connected
 *fill*         0x000009e9        0x3 
 .bss.tx_handle_vector_ch0
                0x000009ec        0x4 src/can_com.o
                0x000009ec                tx_handle_vector_ch0
 .bss.tx_handle_vector_ch1
                0x000009f0        0x4 src/can_com.o
                0x000009f0                tx_handle_vector_ch1
 .bss.msg_rx    0x000009f4       0x10 src/can_com.o
                0x000009f4                msg_rx
 .bss.send_ch0_counter
                0x00000a04        0x4 src/can_task.o
                0x00000a04                send_ch0_counter
 .bss.receive_ch0_counter
                0x00000a08        0x4 src/can_task.o
                0x00000a08                receive_ch0_counter
 .bss.buffer_counter
                0x00000a0c        0x4 src/can_task.o
                0x00000a0c                buffer_counter
 .bss.reach     0x00000a10        0x4 src/hmi.o
                0x00000a10                reach
 .bss.total_distance
                0x00000a14        0x4 src/hmi.o
                0x00000a14                total_distance
 .bss.engine_power
                0x00000a18        0x1 src/hmi.o
                0x00000a18                engine_power
 .bss.battery   0x00000a19        0x1 src/hmi.o
                0x00000a19                battery
 .bss.hmi_on    0x00000a1a        0x1 src/hmi.o
                0x00000a1a                hmi_on
 *fill*         0x00000a1b        0x1 
 .bss.walk_status
                0x00000a1c        0x4 src/hmi.o
                0x00000a1c                walk_status
 .bss.total_uptime
                0x00000a20        0x4 src/hmi.o
                0x00000a20                total_uptime
 .bss.speed     0x00000a24        0x2 src/hmi.o
                0x00000a24                speed
 *fill*         0x00000a26        0x2 
 .bss.velX      0x00000a28        0x4 src/imu.o
                0x00000a28                velX
 .bss.velY      0x00000a2c        0x4 src/imu.o
                0x00000a2c                velY
 .bss.velZ      0x00000a30        0x4 src/imu.o
                0x00000a30                velZ
 .bss.flashc_error_status
                0x00000a34        0x4 src/ASF/avr32/drivers/flashc/flashc.o
 .bss._int_line_handler_table_0
                0x00000a38        0x4 src/ASF/avr32/drivers/intc/intc.o
 .bss._int_line_handler_table_1
                0x00000a3c        0x8 src/ASF/avr32/drivers/intc/intc.o
 .bss._int_line_handler_table_2
                0x00000a44        0x4 src/ASF/avr32/drivers/intc/intc.o
 .bss._int_line_handler_table_3
                0x00000a48       0x10 src/ASF/avr32/drivers/intc/intc.o
 .bss._int_line_handler_table_4
                0x00000a58       0x10 src/ASF/avr32/drivers/intc/intc.o
 .bss._int_line_handler_table_5
                0x00000a68       0x10 src/ASF/avr32/drivers/intc/intc.o
 .bss._int_line_handler_table_6
                0x00000a78       0x10 src/ASF/avr32/drivers/intc/intc.o
 .bss._int_line_handler_table_7
                0x00000a88        0x4 src/ASF/avr32/drivers/intc/intc.o
 .bss._int_line_handler_table_8
                0x00000a8c        0x4 src/ASF/avr32/drivers/intc/intc.o
 .bss._int_line_handler_table_9
                0x00000a90       0x28 src/ASF/avr32/drivers/intc/intc.o
 .bss._int_line_handler_table_10
                0x00000ab8        0x4 src/ASF/avr32/drivers/intc/intc.o
 .bss._int_line_handler_table_11
                0x00000abc        0x4 src/ASF/avr32/drivers/intc/intc.o
 .bss._int_line_handler_table_12
                0x00000ac0        0x4 src/ASF/avr32/drivers/intc/intc.o
 .bss._int_line_handler_table_13
                0x00000ac4        0x4 src/ASF/avr32/drivers/intc/intc.o
 .bss._int_line_handler_table_14
                0x00000ac8       0x14 src/ASF/avr32/drivers/intc/intc.o
 .bss._int_line_handler_table_15
                0x00000adc       0x10 src/ASF/avr32/drivers/intc/intc.o
 .bss._int_line_handler_table_16
                0x00000aec       0x10 src/ASF/avr32/drivers/intc/intc.o
 .bss._int_line_handler_table_17
                0x00000afc        0x4 src/ASF/avr32/drivers/intc/intc.o
 .bss._int_line_handler_table_18
                0x00000b00       0x40 src/ASF/avr32/drivers/intc/intc.o
 .bss._int_line_handler_table_19
                0x00000b40        0x4 src/ASF/avr32/drivers/intc/intc.o
 .bss._int_line_handler_table_33
                0x00000b44        0xc src/ASF/avr32/drivers/intc/intc.o
 .bss._int_line_handler_table_34
                0x00000b50        0xc src/ASF/avr32/drivers/intc/intc.o
 .bss._int_line_handler_table_35
                0x00000b5c        0x8 src/ASF/avr32/drivers/intc/intc.o
 .bss._int_line_handler_table_36
                0x00000b64       0x18 src/ASF/avr32/drivers/intc/intc.o
 .bss._int_line_handler_table_37
                0x00000b7c        0x4 src/ASF/avr32/drivers/intc/intc.o
 .bss._int_line_handler_table_38
                0x00000b80        0x4 src/ASF/avr32/drivers/intc/intc.o
 .bss._int_line_handler_table_39
                0x00000b84       0x18 src/ASF/avr32/drivers/intc/intc.o
 .bss._int_line_handler_table_40
                0x00000b9c       0x18 src/ASF/avr32/drivers/intc/intc.o
 .bss._int_line_handler_table_29
                0x00000bb4        0x4 src/ASF/avr32/drivers/intc/intc.o
 .bss._int_line_handler_table_30
                0x00000bb8        0x4 src/ASF/avr32/drivers/intc/intc.o
 .bss._int_line_handler_table_31
                0x00000bbc        0x4 src/ASF/avr32/drivers/intc/intc.o
 .bss._int_line_handler_table_41
                0x00000bc0        0x4 src/ASF/avr32/drivers/intc/intc.o
 .bss._int_line_handler_table_32
                0x00000bc4        0x4 src/ASF/avr32/drivers/intc/intc.o
 .bss._int_line_handler_table_45
                0x00000bc8        0x4 src/ASF/avr32/drivers/intc/intc.o
 .bss._int_line_handler_table_20
                0x00000bcc        0x4 src/ASF/avr32/drivers/intc/intc.o
 .bss._int_line_handler_table_21
                0x00000bd0        0x4 src/ASF/avr32/drivers/intc/intc.o
 .bss._int_line_handler_table_22
                0x00000bd4        0x4 src/ASF/avr32/drivers/intc/intc.o
 .bss._int_line_handler_table_23
                0x00000bd8        0x4 src/ASF/avr32/drivers/intc/intc.o
 .bss._int_line_handler_table_24
                0x00000bdc        0x4 src/ASF/avr32/drivers/intc/intc.o
 .bss._int_line_handler_table_25
                0x00000be0        0x4 src/ASF/avr32/drivers/intc/intc.o
 .bss._int_line_handler_table_26
                0x00000be4        0x4 src/ASF/avr32/drivers/intc/intc.o
 .bss._int_line_handler_table_27
                0x00000be8        0x4 src/ASF/avr32/drivers/intc/intc.o
 .bss._int_line_handler_table_28
                0x00000bec        0x4 src/ASF/avr32/drivers/intc/intc.o
 .bss._int_line_handler_table_42
                0x00000bf0        0x4 src/ASF/avr32/drivers/intc/intc.o
 .bss._int_line_handler_table_43
                0x00000bf4        0x4 src/ASF/avr32/drivers/intc/intc.o
 .bss._int_line_handler_table_44
                0x00000bf8        0x4 src/ASF/avr32/drivers/intc/intc.o
 .bss._int_line_handler_table_46
                0x00000bfc        0x4 src/ASF/avr32/drivers/intc/intc.o
 .bss.uxMissedTicks
                0x00000c00        0x4 src/ASF/thirdparty/freertos/freertos-7.0.0/source/tasks.o
 .bss.uxTopUsedPriority
                0x00000c04        0x4 src/ASF/thirdparty/freertos/freertos-7.0.0/source/tasks.o
 .bss.pxDelayedTaskList
                0x00000c08        0x4 src/ASF/thirdparty/freertos/freertos-7.0.0/source/tasks.o
 .bss.xSchedulerRunning
                0x00000c0c        0x4 src/ASF/thirdparty/freertos/freertos-7.0.0/source/tasks.o
 .bss.uxTasksDeleted
                0x00000c10        0x4 src/ASF/thirdparty/freertos/freertos-7.0.0/source/tasks.o
 .bss.xNumOfOverflows
                0x00000c14        0x4 src/ASF/thirdparty/freertos/freertos-7.0.0/source/tasks.o
 .bss.pxOverflowDelayedTaskList
                0x00000c18        0x4 src/ASF/thirdparty/freertos/freertos-7.0.0/source/tasks.o
 .bss.pxReadyTasksLists
                0x00000c1c       0xa0 src/ASF/thirdparty/freertos/freertos-7.0.0/source/tasks.o
 .bss.xTasksWaitingTermination
                0x00000cbc       0x14 src/ASF/thirdparty/freertos/freertos-7.0.0/source/tasks.o
 .bss.pxCurrentTCB
                0x00000cd0        0x4 src/ASF/thirdparty/freertos/freertos-7.0.0/source/tasks.o
                0x00000cd0                pxCurrentTCB
 .bss.xPendingReadyList
                0x00000cd4       0x14 src/ASF/thirdparty/freertos/freertos-7.0.0/source/tasks.o
 .bss.xDelayedTaskList1
                0x00000ce8       0x14 src/ASF/thirdparty/freertos/freertos-7.0.0/source/tasks.o
 .bss.xTickCount
                0x00000cfc        0x4 src/ASF/thirdparty/freertos/freertos-7.0.0/source/tasks.o
 .bss.uxSchedulerSuspended
                0x00000d00        0x4 src/ASF/thirdparty/freertos/freertos-7.0.0/source/tasks.o
 .bss.xDelayedTaskList2
                0x00000d04       0x14 src/ASF/thirdparty/freertos/freertos-7.0.0/source/tasks.o
 .bss.uxTaskNumber
                0x00000d18        0x4 src/ASF/thirdparty/freertos/freertos-7.0.0/source/tasks.o
 .bss.uxCurrentNumberOfTasks
                0x00000d1c        0x4 src/ASF/thirdparty/freertos/freertos-7.0.0/source/tasks.o
 .bss.xMissedYield
                0x00000d20        0x4 src/ASF/thirdparty/freertos/freertos-7.0.0/source/tasks.o
 .bss.xSuspendedTaskList
                0x00000d24       0x14 src/ASF/thirdparty/freertos/freertos-7.0.0/source/tasks.o
 .bss.uxTopReadyPriority
                0x00000d38        0x4 src/ASF/thirdparty/freertos/freertos-7.0.0/source/tasks.o
 .bss.__malloc_max_total_mem
                0x00000d3c        0x4 c:/program files (x86)/atmel/atmel toolchain/avr32 gcc/native/3.4.1067/avr32-gnu-toolchain/bin/../lib/gcc/avr32/4.4.7/../../../../avr32/lib/ucr3fp\libc.a(lib_a-mallocr.o)
                0x00000d3c                __malloc_max_total_mem
 .bss.__malloc_max_sbrked_mem
                0x00000d40        0x4 c:/program files (x86)/atmel/atmel toolchain/avr32 gcc/native/3.4.1067/avr32-gnu-toolchain/bin/../lib/gcc/avr32/4.4.7/../../../../avr32/lib/ucr3fp\libc.a(lib_a-mallocr.o)
                0x00000d40                __malloc_max_sbrked_mem
 .bss.__malloc_top_pad
                0x00000d44        0x4 c:/program files (x86)/atmel/atmel toolchain/avr32 gcc/native/3.4.1067/avr32-gnu-toolchain/bin/../lib/gcc/avr32/4.4.7/../../../../avr32/lib/ucr3fp\libc.a(lib_a-mallocr.o)
                0x00000d44                __malloc_top_pad
 .bss.__malloc_current_mallinfo
                0x00000d48       0x28 c:/program files (x86)/atmel/atmel toolchain/avr32 gcc/native/3.4.1067/avr32-gnu-toolchain/bin/../lib/gcc/avr32/4.4.7/../../../../avr32/lib/ucr3fp\libc.a(lib_a-mallocr.o)
                0x00000d48                __malloc_current_mallinfo
 .bss.cur_heap_pos.1869
                0x00000d70        0x4 c:/program files (x86)/atmel/atmel toolchain/avr32 gcc/native/3.4.1067/avr32-gnu-toolchain/bin/../lib/gcc/avr32/4.4.7/../../../../avr32/lib/ucr3fp\libc.a(lib_a-syscalls.o)
 *(COMMON)
 COMMON         0x00000d74      0x14c src/ble_aci.o
                0x00000d74                ble_aci_packet_tx
                0x00000e1a                ble_aci_packet_rx
 COMMON         0x00000ec0     0x4408 src/can_buffer.o
                0x00000ec0                can_buffer
 COMMON         0x000052c8      0x210 src/can_com.o
                0x000052c8                can_com_rx_callback_channel1
                0x000052cc                can_com_tx_callback_channel1
                0x000052d0                mob_ram_ch1
                0x000053d0                can_com_rx_callback_channel0
                0x000053d4                can_com_tx_callback_channel0
                0x000053d8                mob_ram_ch0
 COMMON         0x000054d8        0x8 src/hmi.o
                0x000054d8                data
 COMMON         0x000054e0        0xe src/imu.o
                0x000054e0                rxdata_new
                0x000054e8                ACC_Data
 *fill*         0x000054ee        0x2 
 COMMON         0x000054f0        0xc src/timer.o
                0x000054f0                timer_callback0
                0x000054f4                timer_count_ms
                0x000054f8                timer_callback1
 COMMON         0x000054fc      0x100 c:/program files (x86)/atmel/atmel toolchain/avr32 gcc/native/3.4.1067/avr32-gnu-toolchain/bin/../lib/gcc/avr32/4.4.7/../../../../avr32/lib/ucr3fp\libc.a(lib_a-gdtoa-gethex.o)
                0x000054fc                __hexdig
 COMMON         0x000055fc        0x4 c:/program files (x86)/atmel/atmel toolchain/avr32 gcc/native/3.4.1067/avr32-gnu-toolchain/bin/../lib/gcc/avr32/4.4.7/../../../../avr32/lib/ucr3fp\libc.a(lib_a-reent.o)
                0x000055fc                errno
                0x00005600                . = ALIGN (0x8)
 *fill*         0x00005600        0x0 
                0x00005600                . = ALIGN (0x8)
                0x00005600                _end = .
                0x00005600                PROVIDE (end, .)
                0x00005600                __heap_start__ = ALIGN (0x8)

.heap           0x00005600     0x9a00
 *(.heap)
                0x00009a00                . = (__heap_size__ == __max_heap_size__)?(((ORIGIN (INTRAM) + 0xfffc) - __stack_size__) - ABSOLUTE (.)):__heap_size__
 *fill*         0x00005600     0x9a00 
                0x0000f000                __heap_end__ = .

.stab
 *(.stab)

.stabstr
 *(.stabstr)

.stab.excl
 *(.stab.excl)

.stab.exclstr
 *(.stab.exclstr)

.stab.index
 *(.stab.index)

.stab.indexstr
 *(.stab.indexstr)

.comment        0x00000000       0x30
 *(.comment)
 .comment       0x00000000       0x30 c:/program files (x86)/atmel/atmel toolchain/avr32 gcc/native/3.4.1067/avr32-gnu-toolchain/bin/../lib/gcc/avr32/4.4.7/ucr3fp/crtbegin.o
                                 0x31 (size before relaxing)
 .comment       0x00000000       0x31 src/ASF/avr32/drivers/canif/canif.o
 .comment       0x00000000       0x31 src/ASF/avr32/drivers/spi/spi.o
 .comment       0x00000000       0x31 src/ASF/avr32/services/network/can/can.o
 .comment       0x00000000       0x31 src/ASF/avr32/utils/debug/print_funcs.o
 .comment       0x00000000       0x31 src/ble_aci.o
 .comment       0x00000000       0x31 src/ble_aci_setup.o
 .comment       0x00000000       0x31 src/ble_spi.o
 .comment       0x00000000       0x31 src/ble_task.o
 .comment       0x00000000       0x31 src/can_buffer.o
 .comment       0x00000000       0x31 src/can_com.o
 .comment       0x00000000       0x31 src/can_task.o
 .comment       0x00000000       0x31 src/hmi.o
 .comment       0x00000000       0x31 src/imu.o
 .comment       0x00000000       0x31 src/imu_spi.o
 .comment       0x00000000       0x31 src/main.o
 .comment       0x00000000       0x31 src/timer.o
 .comment       0x00000000       0x31 src/ASF/common/services/clock/uc3c/sysclk.o
 .comment       0x00000000       0x31 src/ASF/avr32/drivers/flashc/flashc.o
 .comment       0x00000000       0x31 src/ASF/avr32/drivers/gpio/gpio.o
 .comment       0x00000000       0x31 src/ASF/avr32/drivers/intc/intc.o
 .comment       0x00000000       0x31 src/ASF/avr32/drivers/pm/pm_uc3c.o
 .comment       0x00000000       0x31 src/ASF/avr32/drivers/pm/power_clocks_lib.o
 .comment       0x00000000       0x31 src/ASF/avr32/drivers/scif/scif_uc3c.o
 .comment       0x00000000       0x31 src/ASF/avr32/drivers/tc/tc.o
 .comment       0x00000000       0x31 src/ASF/avr32/drivers/usart/usart.o
 .comment       0x00000000       0x31 src/ASF/thirdparty/freertos/freertos-7.0.0/source/list.o
 .comment       0x00000000       0x31 src/ASF/thirdparty/freertos/freertos-7.0.0/source/portable/gcc/avr32_uc3/port.o
 .comment       0x00000000       0x31 src/ASF/thirdparty/freertos/freertos-7.0.0/source/portable/memmang/heap_3.o
 .comment       0x00000000       0x31 src/ASF/thirdparty/freertos/freertos-7.0.0/source/tasks.o
 .comment       0x00000000       0x31 c:/program files (x86)/atmel/atmel toolchain/avr32 gcc/native/3.4.1067/avr32-gnu-toolchain/bin/../lib/gcc/avr32/4.4.7/../../../../avr32/lib/ucr3fp\libm.a(lib_a-sf_round.o)
 .comment       0x00000000       0x31 c:/program files (x86)/atmel/atmel toolchain/avr32 gcc/native/3.4.1067/avr32-gnu-toolchain/bin/../lib/gcc/avr32/4.4.7/../../../../avr32/lib/ucr3fp\libm.a(lib_a-w_pow.o)
 .comment       0x00000000       0x31 c:/program files (x86)/atmel/atmel toolchain/avr32 gcc/native/3.4.1067/avr32-gnu-toolchain/bin/../lib/gcc/avr32/4.4.7/../../../../avr32/lib/ucr3fp\libm.a(lib_a-w_sqrt.o)
 .comment       0x00000000       0x31 c:/program files (x86)/atmel/atmel toolchain/avr32 gcc/native/3.4.1067/avr32-gnu-toolchain/bin/../lib/gcc/avr32/4.4.7/../../../../avr32/lib/ucr3fp\libm.a(lib_a-e_pow.o)
 .comment       0x00000000       0x31 c:/program files (x86)/atmel/atmel toolchain/avr32 gcc/native/3.4.1067/avr32-gnu-toolchain/bin/../lib/gcc/avr32/4.4.7/../../../../avr32/lib/ucr3fp\libm.a(lib_a-e_sqrt.o)
 .comment       0x00000000       0x31 c:/program files (x86)/atmel/atmel toolchain/avr32 gcc/native/3.4.1067/avr32-gnu-toolchain/bin/../lib/gcc/avr32/4.4.7/../../../../avr32/lib/ucr3fp\libm.a(lib_a-s_fabs.o)
 .comment       0x00000000       0x31 c:/program files (x86)/atmel/atmel toolchain/avr32 gcc/native/3.4.1067/avr32-gnu-toolchain/bin/../lib/gcc/avr32/4.4.7/../../../../avr32/lib/ucr3fp\libm.a(lib_a-s_finite.o)
 .comment       0x00000000       0x31 c:/program files (x86)/atmel/atmel toolchain/avr32 gcc/native/3.4.1067/avr32-gnu-toolchain/bin/../lib/gcc/avr32/4.4.7/../../../../avr32/lib/ucr3fp\libm.a(lib_a-s_isnand.o)
 .comment       0x00000000       0x31 c:/program files (x86)/atmel/atmel toolchain/avr32 gcc/native/3.4.1067/avr32-gnu-toolchain/bin/../lib/gcc/avr32/4.4.7/../../../../avr32/lib/ucr3fp\libm.a(lib_a-s_lib_ver.o)
 .comment       0x00000000       0x31 c:/program files (x86)/atmel/atmel toolchain/avr32 gcc/native/3.4.1067/avr32-gnu-toolchain/bin/../lib/gcc/avr32/4.4.7/../../../../avr32/lib/ucr3fp\libm.a(lib_a-s_matherr.o)
 .comment       0x00000000       0x31 c:/program files (x86)/atmel/atmel toolchain/avr32 gcc/native/3.4.1067/avr32-gnu-toolchain/bin/../lib/gcc/avr32/4.4.7/../../../../avr32/lib/ucr3fp\libm.a(lib_a-s_nan.o)
 .comment       0x00000000       0x31 c:/program files (x86)/atmel/atmel toolchain/avr32 gcc/native/3.4.1067/avr32-gnu-toolchain/bin/../lib/gcc/avr32/4.4.7/../../../../avr32/lib/ucr3fp\libm.a(lib_a-s_rint.o)
 .comment       0x00000000       0x31 c:/program files (x86)/atmel/atmel toolchain/avr32 gcc/native/3.4.1067/avr32-gnu-toolchain/bin/../lib/gcc/avr32/4.4.7/../../../../avr32/lib/ucr3fp\libm.a(lib_a-s_scalbn.o)
 .comment       0x00000000       0x31 c:/program files (x86)/atmel/atmel toolchain/avr32 gcc/native/3.4.1067/avr32-gnu-toolchain/bin/../lib/gcc/avr32/4.4.7/../../../../avr32/lib/ucr3fp\libm.a(lib_a-s_copysign.o)
 .comment       0x00000000       0x31 c:/program files (x86)/atmel/atmel toolchain/avr32 gcc/native/3.4.1067/avr32-gnu-toolchain/bin/../lib/gcc/avr32/4.4.7/../../../../avr32/lib/ucr3fp\libc.a(lib_a-atexit.o)
 .comment       0x00000000       0x31 c:/program files (x86)/atmel/atmel toolchain/avr32 gcc/native/3.4.1067/avr32-gnu-toolchain/bin/../lib/gcc/avr32/4.4.7/../../../../avr32/lib/ucr3fp\libc.a(lib_a-atof.o)
 .comment       0x00000000       0x31 c:/program files (x86)/atmel/atmel toolchain/avr32 gcc/native/3.4.1067/avr32-gnu-toolchain/bin/../lib/gcc/avr32/4.4.7/../../../../avr32/lib/ucr3fp\libc.a(lib_a-errno.o)
 .comment       0x00000000       0x31 c:/program files (x86)/atmel/atmel toolchain/avr32 gcc/native/3.4.1067/avr32-gnu-toolchain/bin/../lib/gcc/avr32/4.4.7/../../../../avr32/lib/ucr3fp\libc.a(lib_a-exit.o)
 .comment       0x00000000       0x31 c:/program files (x86)/atmel/atmel toolchain/avr32 gcc/native/3.4.1067/avr32-gnu-toolchain/bin/../lib/gcc/avr32/4.4.7/../../../../avr32/lib/ucr3fp\libc.a(lib_a-impure.o)
 .comment       0x00000000       0x31 c:/program files (x86)/atmel/atmel toolchain/avr32 gcc/native/3.4.1067/avr32-gnu-toolchain/bin/../lib/gcc/avr32/4.4.7/../../../../avr32/lib/ucr3fp\libc.a(lib_a-malloc.o)
 .comment       0x00000000       0x31 c:/program files (x86)/atmel/atmel toolchain/avr32 gcc/native/3.4.1067/avr32-gnu-toolchain/bin/../lib/gcc/avr32/4.4.7/../../../../avr32/lib/ucr3fp\libc.a(lib_a-mallocr.o)
 .comment       0x00000000       0x31 c:/program files (x86)/atmel/atmel toolchain/avr32 gcc/native/3.4.1067/avr32-gnu-toolchain/bin/../lib/gcc/avr32/4.4.7/../../../../avr32/lib/ucr3fp\libc.a(lib_a-memset.o)
 .comment       0x00000000       0x31 c:/program files (x86)/atmel/atmel toolchain/avr32 gcc/native/3.4.1067/avr32-gnu-toolchain/bin/../lib/gcc/avr32/4.4.7/../../../../avr32/lib/ucr3fp\libc.a(lib_a-sbrkr.o)
 .comment       0x00000000       0x31 c:/program files (x86)/atmel/atmel toolchain/avr32 gcc/native/3.4.1067/avr32-gnu-toolchain/bin/../lib/gcc/avr32/4.4.7/../../../../avr32/lib/ucr3fp\libc.a(lib_a-strcat.o)
 .comment       0x00000000       0x31 c:/program files (x86)/atmel/atmel toolchain/avr32 gcc/native/3.4.1067/avr32-gnu-toolchain/bin/../lib/gcc/avr32/4.4.7/../../../../avr32/lib/ucr3fp\libc.a(lib_a-strcpy.o)
 .comment       0x00000000       0x31 c:/program files (x86)/atmel/atmel toolchain/avr32 gcc/native/3.4.1067/avr32-gnu-toolchain/bin/../lib/gcc/avr32/4.4.7/../../../../avr32/lib/ucr3fp\libc.a(lib_a-strlen.o)
 .comment       0x00000000       0x31 c:/program files (x86)/atmel/atmel toolchain/avr32 gcc/native/3.4.1067/avr32-gnu-toolchain/bin/../lib/gcc/avr32/4.4.7/../../../../avr32/lib/ucr3fp\libc.a(lib_a-strtod.o)
 .comment       0x00000000       0x31 c:/program files (x86)/atmel/atmel toolchain/avr32 gcc/native/3.4.1067/avr32-gnu-toolchain/bin/../lib/gcc/avr32/4.4.7/../../../../avr32/lib/ucr3fp\libc.a(lib_a-syscalls.o)
 .comment       0x00000000       0x31 c:/program files (x86)/atmel/atmel toolchain/avr32 gcc/native/3.4.1067/avr32-gnu-toolchain/bin/../lib/gcc/avr32/4.4.7/../../../../avr32/lib/ucr3fp\libc.a(lib_a-sysgettod.o)
 .comment       0x00000000       0x31 c:/program files (x86)/atmel/atmel toolchain/avr32 gcc/native/3.4.1067/avr32-gnu-toolchain/bin/../lib/gcc/avr32/4.4.7/../../../../avr32/lib/ucr3fp\libc.a(lib_a-__atexit.o)
 .comment       0x00000000       0x31 c:/program files (x86)/atmel/atmel toolchain/avr32 gcc/native/3.4.1067/avr32-gnu-toolchain/bin/../lib/gcc/avr32/4.4.7/../../../../avr32/lib/ucr3fp\libc.a(lib_a-__call_atexit.o)
 .comment       0x00000000       0x31 c:/program files (x86)/atmel/atmel toolchain/avr32 gcc/native/3.4.1067/avr32-gnu-toolchain/bin/../lib/gcc/avr32/4.4.7/../../../../avr32/lib/ucr3fp\libc.a(lib_a-findfp.o)
 .comment       0x00000000       0x31 c:/program files (x86)/atmel/atmel toolchain/avr32 gcc/native/3.4.1067/avr32-gnu-toolchain/bin/../lib/gcc/avr32/4.4.7/../../../../avr32/lib/ucr3fp\libc.a(lib_a-freer.o)
 .comment       0x00000000       0x31 c:/program files (x86)/atmel/atmel toolchain/avr32 gcc/native/3.4.1067/avr32-gnu-toolchain/bin/../lib/gcc/avr32/4.4.7/../../../../avr32/lib/ucr3fp\libc.a(lib_a-gdtoa-gethex.o)
 .comment       0x00000000       0x31 c:/program files (x86)/atmel/atmel toolchain/avr32 gcc/native/3.4.1067/avr32-gnu-toolchain/bin/../lib/gcc/avr32/4.4.7/../../../../avr32/lib/ucr3fp\libc.a(lib_a-gdtoa-hexnan.o)
 .comment       0x00000000       0x31 c:/program files (x86)/atmel/atmel toolchain/avr32 gcc/native/3.4.1067/avr32-gnu-toolchain/bin/../lib/gcc/avr32/4.4.7/../../../../avr32/lib/ucr3fp\libc.a(lib_a-mprec.o)
 .comment       0x00000000       0x31 c:/program files (x86)/atmel/atmel toolchain/avr32 gcc/native/3.4.1067/avr32-gnu-toolchain/bin/../lib/gcc/avr32/4.4.7/../../../../avr32/lib/ucr3fp\libc.a(lib_a-reent.o)
 .comment       0x00000000       0x31 c:/program files (x86)/atmel/atmel toolchain/avr32 gcc/native/3.4.1067/avr32-gnu-toolchain/bin/../lib/gcc/avr32/4.4.7/../../../../avr32/lib/ucr3fp\libc.a(lib_a-callocr.o)
 .comment       0x00000000       0x31 c:/program files (x86)/atmel/atmel toolchain/avr32 gcc/native/3.4.1067/avr32-gnu-toolchain/bin/../lib/gcc/avr32/4.4.7/ucr3fp/crtend.o

.debug
 *(.debug)

.line
 *(.line)

.debug_srcinfo
 *(.debug_srcinfo)

.debug_sfnames
 *(.debug_sfnames)

.debug_aranges  0x00000000     0x1518
 *(.debug_aranges)
 .debug_aranges
                0x00000000       0x38 src/ASF/avr32/drivers/canif/canif.o
 .debug_aranges
                0x00000038       0xa8 src/ASF/avr32/drivers/spi/spi.o
 .debug_aranges
                0x000000e0       0xc0 src/ASF/avr32/services/network/can/can.o
 .debug_aranges
                0x000001a0       0x88 src/ASF/avr32/utils/debug/print_funcs.o
 .debug_aranges
                0x00000228       0x70 src/ble_aci.o
 .debug_aranges
                0x00000298       0x58 src/ble_spi.o
 .debug_aranges
                0x000002f0       0x38 src/ble_task.o
 .debug_aranges
                0x00000328       0x38 src/can_buffer.o
 .debug_aranges
                0x00000360       0x58 src/can_com.o
 .debug_aranges
                0x000003b8       0x38 src/can_task.o
 .debug_aranges
                0x000003f0       0x88 src/hmi.o
 .debug_aranges